Component: ARM Compiler 5.06 update 5 (build 528) Tool: armlink [4d35e2]

==============================================================================

Section Cross References

    startup_stm32f10x_md.o(STACK) refers (Special) to heapauxi.o(.text) for __use_two_region_memory
    startup_stm32f10x_md.o(HEAP) refers (Special) to heapauxi.o(.text) for __use_two_region_memory
    startup_stm32f10x_md.o(RESET) refers (Special) to heapauxi.o(.text) for __use_two_region_memory
    startup_stm32f10x_md.o(RESET) refers to startup_stm32f10x_md.o(STACK) for __initial_sp
    startup_stm32f10x_md.o(RESET) refers to startup_stm32f10x_md.o(.text) for Reset_Handler
    startup_stm32f10x_md.o(RESET) refers to stm32f10x_it.o(.text) for NMI_Handler
    startup_stm32f10x_md.o(.text) refers (Special) to heapauxi.o(.text) for __use_two_region_memory
    startup_stm32f10x_md.o(.text) refers to system_stm32f10x.o(.text) for SystemInit
    startup_stm32f10x_md.o(.text) refers to __main.o(!!!main) for __main
    startup_stm32f10x_md.o(.text) refers to startup_stm32f10x_md.o(HEAP) for Heap_Mem
    startup_stm32f10x_md.o(.text) refers to startup_stm32f10x_md.o(STACK) for Stack_Mem
    stm32f10x_adc.o(.text) refers to stm32f10x_rcc.o(.text) for RCC_APB2PeriphResetCmd
    stm32f10x_bkp.o(.text) refers to stm32f10x_rcc.o(.text) for RCC_BackupResetCmd
    stm32f10x_can.o(.text) refers to stm32f10x_rcc.o(.text) for RCC_APB1PeriphResetCmd
    stm32f10x_cec.o(.text) refers to stm32f10x_rcc.o(.text) for RCC_APB1PeriphResetCmd
    stm32f10x_dac.o(.text) refers to stm32f10x_rcc.o(.text) for RCC_APB1PeriphResetCmd
    stm32f10x_gpio.o(.text) refers to stm32f10x_rcc.o(.text) for RCC_APB2PeriphResetCmd
    stm32f10x_i2c.o(.text) refers to stm32f10x_rcc.o(.text) for RCC_APB1PeriphResetCmd
    stm32f10x_pwr.o(.text) refers to stm32f10x_rcc.o(.text) for RCC_APB1PeriphResetCmd
    stm32f10x_rcc.o(.text) refers to stm32f10x_rcc.o(.data) for APBAHBPrescTable
    stm32f10x_spi.o(.text) refers to stm32f10x_rcc.o(.text) for RCC_APB2PeriphResetCmd
    stm32f10x_tim.o(.text) refers to stm32f10x_rcc.o(.text) for RCC_APB2PeriphResetCmd
    stm32f10x_usart.o(.text) refers to stm32f10x_rcc.o(.text) for RCC_APB2PeriphResetCmd
    stm32f10x_wwdg.o(.text) refers to stm32f10x_rcc.o(.text) for RCC_APB1PeriphResetCmd
    main.o(.text) refers to imuserial.o(.text) for IMUSerial_Printf
    main.o(.text) refers to imu_multi.o(.text) for IMU_Multi_Get
    main.o(.text) refers to f2d.o(x$fpl$f2d) for __aeabi_f2d
    main.o(.text) refers to system_stm32f10x.o(.text) for SystemInit
    main.o(.text) refers to misc.o(.text) for NVIC_PriorityGroupConfig
    main.o(.text) refers to ps2gamepad.o(.text) for InitPS2
    main.o(.text) refers to time.o(.text) for TIM4_PWM_Init
    main.o(.text) refers to mymotor.o(.text) for MOTOR_GPIO_Init
    main.o(.text) refers to app.o(.text) for ArmControl_Init
    main.o(.text) refers to faddsub_clz.o(x$fpl$fadd) for __aeabi_fadd
    main.o(.text) refers to delay.o(.text) for Delay_ms
    stm32f10x_it.o(.text) refers to stm32f10x_usart.o(.text) for USART_GetITStatus
    stm32f10x_it.o(.text) refers to imuserial.o(.text) for IMUSerial_OnRxByte
    system_stm32f10x.o(.text) refers to system_stm32f10x.o(.data) for SystemCoreClock
    app.o(.text) refers to frleqf.o(x$fpl$frleqf) for __aeabi_cfrcmple
    app.o(.text) refers to fleqf.o(x$fpl$fleqf) for __aeabi_cfcmple
    app.o(.text) refers to fflt_clz.o(x$fpl$fflt) for __aeabi_i2f
    app.o(.text) refers to fdiv.o(x$fpl$fdiv) for __aeabi_fdiv
    app.o(.text) refers to faddsub_clz.o(x$fpl$fsub) for __aeabi_fsub
    app.o(.text) refers to fmul.o(x$fpl$fmul) for __aeabi_fmul
    app.o(.text) refers to faddsub_clz.o(x$fpl$fadd) for __aeabi_fadd
    app.o(.text) refers to ffix.o(x$fpl$ffix) for __aeabi_f2iz
    app.o(.text) refers to stm32f10x_gpio.o(.text) for GPIO_ResetBits
    app.o(.text) refers to time.o(.text) for ClosedLoop_Reset
    app.o(.text) refers to mymotor.o(.text) for Set_Car_Speed
    app.o(.text) refers to stm32f10x_rcc.o(.text) for RCC_APB2PeriphClockCmd
    app.o(.text) refers to imuserial.o(.text) for IMUSerial_Printf
    app.o(.text) refers to feqf.o(x$fpl$feqf) for __aeabi_cfcmpeq
    app.o(.text) refers to f2d.o(x$fpl$f2d) for __aeabi_f2d
    app.o(.text) refers to app.o(.data) for g_gripper_pulse_ticks
    app.o(.text) refers to cosf.o(i.cosf) for cosf
    app.o(.text) refers to sinf.o(i.sinf) for sinf
    app.o(.text) refers to faddsub_clz.o(x$fpl$frsb) for __aeabi_frsub
    app.o(.text) refers to ps2gamepad.o(.text) for PS2_Button
    app.o(.text) refers to app.o(.bss) for pattern
    ps2gamepad.o(.text) refers to delay.o(.text) for Delay_us
    ps2gamepad.o(.text) refers to stm32f10x_rcc.o(.text) for RCC_APB2PeriphClockCmd
    ps2gamepad.o(.text) refers to stm32f10x_gpio.o(.text) for GPIO_Init
    ps2gamepad.o(.text) refers to filter.o(.text) for MovingAverage_Init
    ps2gamepad.o(.text) refers to ps2gamepad.o(.bss) for Data
[...]
    __rt_lib_init_argv_1                     0x0800020f   Thumb Code     0  libinit2.o(.ARM.Collect$$libinit$$0000002C)
    __rt_lib_init_atexit_1                   0x0800020f   Thumb Code     0  libinit2.o(.ARM.Collect$$libinit$$0000001B)
    __rt_lib_init_clock_1                    0x0800020f   Thumb Code     0  libinit2.o(.ARM.Collect$$libinit$$00000021)
    __rt_lib_init_cpp_1                      0x0800020f   Thumb Code     0  libinit2.o(.ARM.Collect$$libinit$$00000032)
    __rt_lib_init_exceptions_1               0x0800020f   Thumb Code     0  libinit2.o(.ARM.Collect$$libinit$$00000030)
    __rt_lib_init_fp_trap_1                  0x0800020f   Thumb Code     0  libinit2.o(.ARM.Collect$$libinit$$0000001F)
    __rt_lib_init_getenv_1                   0x0800020f   Thumb Code     0  libinit2.o(.ARM.Collect$$libinit$$00000023)
    __rt_lib_init_lc_numeric_1               0x0800020f   Thumb Code     0  libinit2.o(.ARM.Collect$$libinit$$00000017)
    __rt_lib_init_lc_time_1                  0x0800020f   Thumb Code     0  libinit2.o(.ARM.Collect$$libinit$$00000019)
    __rt_lib_init_return                     0x0800020f   Thumb Code     0  libinit2.o(.ARM.Collect$$libinit$$00000033)
    __rt_lib_init_signal_1                   0x0800020f   Thumb Code     0  libinit2.o(.ARM.Collect$$libinit$$0000001D)
    __rt_lib_init_stdio_1                    0x0800020f   Thumb Code     0  libinit2.o(.ARM.Collect$$libinit$$00000025)
    __rt_lib_shutdown                        0x08000211   Thumb Code     0  libshutdown.o(.ARM.Collect$$libshutdown$$00000000)
    __rt_lib_shutdown_cpp_1                  0x08000213   Thumb Code     0  libshutdown2.o(.ARM.Collect$$libshutdown$$00000002)
    __rt_lib_shutdown_fp_trap_1              0x08000213   Thumb Code     0  libshutdown2.o(.ARM.Collect$$libshutdown$$00000007)
    __rt_lib_shutdown_heap_1                 0x08000213   Thumb Code     0  libshutdown2.o(.ARM.Collect$$libshutdown$$0000000F)
    __rt_lib_shutdown_return                 0x08000213   Thumb Code     0  libshutdown2.o(.ARM.Collect$$libshutdown$$00000010)
    __rt_lib_shutdown_signal_1               0x08000213   Thumb Code     0  libshutdown2.o(.ARM.Collect$$libshutdown$$0000000A)
    __rt_lib_shutdown_stdio_1                0x08000213   Thumb Code     0  libshutdown2.o(.ARM.Collect$$libshutdown$$00000004)
    __rt_lib_shutdown_user_alloc_1           0x08000213   Thumb Code     0  libshutdown2.o(.ARM.Collect$$libshutdown$$0000000C)
    __rt_entry                               0x08000215   Thumb Code     0  __rtentry.o(.ARM.Collect$$rtentry$$00000000)
    __rt_entry_presh_1                       0x08000215   Thumb Code     0  __rtentry2.o(.ARM.Collect$$rtentry$$00000002)
    __rt_entry_sh                            0x08000215   Thumb Code     0  __rtentry4.o(.ARM.Collect$$rtentry$$00000004)
    __rt_entry_li                            0x0800021b   Thumb Code     0  __rtentry2.o(.ARM.Collect$$rtentry$$0000000A)
    __rt_entry_postsh_1                      0x0800021b   Thumb Code     0  __rtentry2.o(.ARM.Collect$$rtentry$$00000009)
    __rt_entry_main                          0x0800021f   Thumb Code     0  __rtentry2.o(.ARM.Collect$$rtentry$$0000000D)
    __rt_entry_postli_1                      0x0800021f   Thumb Code     0  __rtentry2.o(.ARM.Collect$$rtentry$$0000000C)
    __rt_exit                                0x08000227   Thumb Code     0  rtexit.o(.ARM.Collect$$rtexit$$00000000)
    __rt_exit_ls                             0x08000229   Thumb Code     0  rtexit2.o(.ARM.Collect$$rtexit$$00000003)
    __rt_exit_prels_1                        0x08000229   Thumb Code     0  rtexit2.o(.ARM.Collect$$rtexit$$00000002)
    __rt_exit_exit                           0x0800022d   Thumb Code     0  rtexit2.o(.ARM.Collect$$rtexit$$00000004)
    Reset_Handler                            0x08000235   Thumb Code     8  startup_stm32f10x_md.o(.text)
    ADC1_2_IRQHandler                        0x0800024f   Thumb Code     0  startup_stm32f10x_md.o(.text)
    CAN1_RX1_IRQHandler                      0x0800024f   Thumb Code     0  startup_stm32f10x_md.o(.text)
    CAN1_SCE_IRQHandler                      0x0800024f   Thumb Code     0  startup_stm32f10x_md.o(.text)
    DMA1_Channel1_IRQHandler                 0x0800024f   Thumb Code     0  startup_stm32f10x_md.o(.text)
    DMA1_Channel2_IRQHandler                 0x0800024f   Thumb Code     0  startup_stm32f10x_md.o(.text)
    DMA1_Channel3_IRQHandler                 0x0800024f   Thumb Code     0  startup_stm32f10x_md.o(.text)
    DMA1_Channel4_IRQHandler                 0x0800024f   Thumb Code     0  startup_stm32f10x_md.o(.text)
    DMA1_Channel5_IRQHandler                 0x0800024f   Thumb Code     0  startup_stm32f10x_md.o(.text)
    DMA1_Channel6_IRQHandler                 0x0800024f   Thumb Code     0  startup_stm32f10x_md.o(.text)
    DMA1_Channel7_IRQHandler                 0x0800024f   Thumb Code     0  startup_stm32f10x_md.o(.text)
    EXTI0_IRQHandler                         0x0800024f   Thumb Code     0  startup_stm32f10x_md.o(.text)
    EXTI15_10_IRQHandler                     0x0800024f   Thumb Code     0  startup_stm32f10x_md.o(.text)
    EXTI1_IRQHandler                         0x0800024f   Thumb Code     0  startup_stm32f10x_md.o(.text)
    EXTI2_IRQHandler                         0x0800024f   Thumb Code     0  startup_stm32f10x_md.o(.text)
    EXTI3_IRQHandler                         0x0800024f   Thumb Code     0  startup_stm32f10x_md.o(.text)
    EXTI4_IRQHandler                         0x0800024f   Thumb Code     0  startup_stm32f10x_md.o(.text)
    EXTI9_5_IRQHandler                       0x0800024f   Thumb Code     0  startup_stm32f10x_md.o(.text)
    FLASH_IRQHandler                         0x0800024f   Thumb Code     0  startup_stm32f10x_md.o(.text)
    I2C1_ER_IRQHandler                       0x0800024f   Thumb Code     0  startup_stm32f10x_md.o(.text)
    I2C1_EV_IRQHandler                       0x0800024f   Thumb Code     0  startup_stm32f10x_md.o(.text)
    I2C2_ER_IRQHandler                       0x0800024f   Thumb Code     0  startup_stm32f10x_md.o(.text)
    I2C2_EV_IRQHandler                       0x0800024f   Thumb Code     0  startup_stm32f10x_md.o(.text)
    PVD_IRQHandler                           0x0800024f   Thumb Code     0  startup_stm32f10x_md.o(.text)
    RCC_IRQHandler                           0x0800024f   Thumb Code     0  startup_stm32f10x_md.o(.text)
    RTCAlarm_IRQHandler                      0x0800024f   Thumb Code     0  startup_stm32f10x_md.o(.text)
    RTC_IRQHandler                           0x0800024f   Thumb Code     0  startup_stm32f10x_md.o(.text)
    SPI1_IRQHandler                          0x0800024f   Thumb Code     0  startup_stm32f10x_md.o(.text)
    SPI2_IRQHandler                          0x0800024f   Thumb Code     0  startup_stm32f10x_md.o(.text)
    TAMPER_IRQHandler                        0x0800024f   Thumb Code     0  startup_stm32f10x_md.o(.text)
    TIM1_BRK_IRQHandler                      0x0800024f   Thumb Code     0  startup_stm32f10x_md.o(.text)
    TIM1_CC_IRQHandler                       0x0800024f   Thumb Code     0  startup_stm32f10x_md.o(.text)
    TIM1_TRG_COM_IRQHandler                  0x0800024f   Thumb Code     0  startup_stm32f10x_md.o(.text)
    TIM1_UP_IRQHandler                       0x0800024f   Thumb Code     0  startup_stm32f10x_md.o(.text)
    TIM2_IRQHandler                          0x0800024f   Thumb Code     0  startup_stm32f10x_md.o(.text)
    TIM3_IRQHandler                          0x0800024f   Thumb Code     0  startup_stm32f10x_md.o(.text)
    TIM4_IRQHandler                          0x0800024f   Thumb Code     0  startup_stm32f10x_md.o(.text)
    USART1_IRQHandler                        0x0800024f   Thumb Code     0  startup_stm32f10x_md.o(.text)
    USART2_IRQHandler                        0x0800024f   Thumb Code     0  startup_stm32f10x_md.o(.text)
    USBWakeUp_IRQHandler                     0x0800024f   Thumb Code     0  startup_stm32f10x_md.o(.text)
    USB_HP_CAN1_TX_IRQHandler                0x0800024f   Thumb Code     0  startup_stm32f10x_md.o(.text)
    USB_LP_CAN1_RX0_IRQHandler               0x0800024f   Thumb Code     0  startup_stm32f10x_md.o(.text)
    WWDG_IRQHandler                          0x0800024f   Thumb Code     0  startup_stm32f10x_md.o(.text)
    __user_initial_stackheap                 0x08000251   Thumb Code     0  startup_stm32f10x_md.o(.text)
    NVIC_PriorityGroupConfig                 0x08000275   Thumb Code    10  misc.o(.text)
    NVIC_Init                                0x0800027f   Thumb Code   100  misc.o(.text)
    NVIC_SetVectorTable                      0x080002e3   Thumb Code    14  misc.o(.text)
    NVIC_SystemLPConfig                      0x080002f1   Thumb Code    34  misc.o(.text)
    SysTick_CLKSourceConfig                  0x08000313   Thumb Code    40  misc.o(.text)
    GPIO_DeInit                              0x08000351   Thumb Code   172  stm32f10x_gpio.o(.text)
    GPIO_AFIODeInit                          0x080003fd   Thumb Code    20  stm32f10x_gpio.o(.text)
    GPIO_Init                                0x08000411   Thumb Code   278  stm32f10x_gpio.o(.text)
    GPIO_StructInit                          0x08000527   Thumb Code    16  stm32f10x_gpio.o(.text)
    GPIO_ReadInputDataBit                    0x08000537   Thumb Code    18  stm32f10x_gpio.o(.text)
    GPIO_ReadInputData                       0x08000549   Thumb Code     8  stm32f10x_gpio.o(.text)
    GPIO_ReadOutputDataBit                   0x08000551   Thumb Code    18  stm32f10x_gpio.o(.text)
    GPIO_ReadOutputData                      0x08000563   Thumb Code     8  stm32f10x_gpio.o(.text)
    GPIO_SetBits                             0x0800056b   Thumb Code     4  stm32f10x_gpio.o(.text)
    GPIO_ResetBits                           0x0800056f   Thumb Code     4  stm32f10x_gpio.o(.text)
    GPIO_WriteBit                            0x08000573   Thumb Code    10  stm32f10x_gpio.o(.text)
    GPIO_Write                               0x0800057d   Thumb Code     4  stm32f10x_gpio.o(.text)
    GPIO_PinLockConfig                       0x08000581   Thumb Code    18  stm32f10x_gpio.o(.text)
    GPIO_EventOutputConfig                   0x08000593   Thumb Code    26  stm32f10x_gpio.o(.text)
    GPIO_EventOutputCmd                      0x080005ad   Thumb Code     6  stm32f10x_gpio.o(.text)
    GPIO_PinRemapConfig                      0x080005b3   Thumb Code   138  stm32f10x_gpio.o(.text)
    GPIO_EXTILineConfig                      0x0800063d   Thumb Code    66  stm32f10x_gpio.o(.text)
    GPIO_ETH_MediaInterfaceConfig            0x0800067f   Thumb Code     8  stm32f10x_gpio.o(.text)
    RCC_DeInit                               0x080006ad   Thumb Code    64  stm32f10x_rcc.o(.text)
    RCC_HSEConfig                            0x080006ed   Thumb Code    70  stm32f10x_rcc.o(.text)
    RCC_GetFlagStatus                        0x08000733   Thumb Code    56  stm32f10x_rcc.o(.text)
    RCC_WaitForHSEStartUp                    0x0800076b   Thumb Code    56  stm32f10x_rcc.o(.text)
    RCC_AdjustHSICalibrationValue            0x080007a3   Thumb Code    20  stm32f10x_rcc.o(.text)
    RCC_HSICmd                               0x080007b7   Thumb Code     6  stm32f10x_rcc.o(.text)
    RCC_PLLConfig                            0x080007bd   Thumb Code    24  stm32f10x_rcc.o(.text)
    RCC_PLLCmd                               0x080007d5   Thumb Code     6  stm32f10x_rcc.o(.text)
    RCC_SYSCLKConfig                         0x080007db   Thumb Code    18  stm32f10x_rcc.o(.text)
    RCC_GetSYSCLKSource                      0x080007ed   Thumb Code    10  stm32f10x_rcc.o(.text)
    RCC_HCLKConfig                           0x080007f7   Thumb Code    18  stm32f10x_rcc.o(.text)
    RCC_PCLK1Config                          0x08000809   Thumb Code    18  stm32f10x_rcc.o(.text)
    RCC_PCLK2Config                          0x0800081b   Thumb Code    20  stm32f10x_rcc.o(.text)
    RCC_ITConfig                             0x0800082f   Thumb Code    26  stm32f10x_rcc.o(.text)
    RCC_USBCLKConfig                         0x08000849   Thumb Code     8  stm32f10x_rcc.o(.text)
    RCC_ADCCLKConfig                         0x08000851   Thumb Code    18  stm32f10x_rcc.o(.text)
    RCC_LSEConfig                            0x08000863   Thumb Code    50  stm32f10x_rcc.o(.text)
    RCC_LSICmd                               0x08000895   Thumb Code     6  stm32f10x_rcc.o(.text)
    RCC_RTCCLKConfig                         0x0800089b   Thumb Code    12  stm32f10x_rcc.o(.text)
    RCC_RTCCLKCmd                            0x080008a7   Thumb Code     8  stm32f10x_rcc.o(.text)
    RCC_GetClocksFreq                        0x080008af   Thumb Code   192  stm32f10x_rcc.o(.text)
    RCC_AHBPeriphClockCmd                    0x0800096f   Thumb Code    26  stm32f10x_rcc.o(.text)
    RCC_APB2PeriphClockCmd                   0x08000989   Thumb Code    26  stm32f10x_rcc.o(.text)
    RCC_APB1PeriphClockCmd                   0x080009a3   Thumb Code    26  stm32f10x_rcc.o(.text)
    RCC_APB2PeriphResetCmd                   0x080009bd   Thumb Code    26  stm32f10x_rcc.o(.text)
    RCC_APB1PeriphResetCmd                   0x080009d7   Thumb Code    26  stm32f10x_rcc.o(.text)
    RCC_BackupResetCmd                       0x080009f1   Thumb Code     8  stm32f10x_rcc.o(.text)
    RCC_ClockSecuritySystemCmd               0x080009f9   Thumb Code     6  stm32f10x_rcc.o(.text)
    RCC_MCOConfig                            0x080009ff   Thumb Code     6  stm32f10x_rcc.o(.text)
    RCC_ClearFlag                            0x08000a05   Thumb Code    14  stm32f10x_rcc.o(.text)
    RCC_GetITStatus                          0x08000a13   Thumb Code    20  stm32f10x_rcc.o(.text)
    RCC_ClearITPendingBit                    0x08000a27   Thumb Code     6  stm32f10x_rcc.o(.text)
    TIM_DeInit                               0x08000a51   Thumb Code   424  stm32f10x_tim.o(.text)
    TIM_TimeBaseInit                         0x08000bf9   Thumb Code   122  stm32f10x_tim.o(.text)
    TIM_OC1Init                              0x08000c73   Thumb Code   132  stm32f10x_tim.o(.text)
    TIM_OC2Init                              0x08000cf7   Thumb Code   154  stm32f10x_tim.o(.text)
    TIM_OC3Init                              0x08000d91   Thumb Code   150  stm32f10x_tim.o(.text)
    TIM_OC4Init                              0x08000e27   Thumb Code   182  stm32f10x_tim.o(.text)
    TIM_SetIC4Prescaler                      0x08000edd   Thumb Code    26  stm32f10x_tim.o(.text)
    TIM_SetIC3Prescaler                      0x08000f79   Thumb Code    18  stm32f10x_tim.o(.text)
    TIM_SetIC2Prescaler                      0x08001005   Thumb Code    26  stm32f10x_tim.o(.text)
    TIM_SetIC1Prescaler                      0x080010a1   Thumb Code    18  stm32f10x_tim.o(.text)
    TIM_ICInit                               0x0800111f   Thumb Code   150  stm32f10x_tim.o(.text)
    TIM_PWMIConfig                           0x080011b5   Thumb Code   124  stm32f10x_tim.o(.text)
    TIM_BDTRConfig                           0x08001231   Thumb Code    32  stm32f10x_tim.o(.text)
    TIM_TimeBaseStructInit                   0x08001251   Thumb Code    18  stm32f10x_tim.o(.text)
    TIM_OCStructInit                         0x08001263   Thumb Code    20  stm32f10x_tim.o(.text)
    TIM_ICStructInit                         0x08001277   Thumb Code    18  stm32f10x_tim.o(.text)
    TIM_BDTRStructInit                       0x08001289   Thumb Code    40  stm32f10x_tim.o(.text)
    TIM_Cmd                                  0x080012b1   Thumb Code    24  stm32f10x_tim.o(.text)
    TIM_CtrlPWMOutputs                       0x080012c9   Thumb Code    30  stm32f10x_tim.o(.text)
    TIM_ITConfig                             0x080012e7   Thumb Code    18  stm32f10x_tim.o(.text)
    TIM_GenerateEvent                        0x080012f9   Thumb Code     4  stm32f10x_tim.o(.text)
    TIM_DMAConfig                            0x080012fd   Thumb Code    10  stm32f10x_tim.o(.text)
    TIM_DMACmd                               0x08001307   Thumb Code    18  stm32f10x_tim.o(.text)
    TIM_InternalClockConfig                  0x08001319   Thumb Code    12  stm32f10x_tim.o(.text)
    TIM_SelectInputTrigger                   0x08001325   Thumb Code    18  stm32f10x_tim.o(.text)
    TIM_ITRxExternalClockConfig              0x08001337   Thumb Code    24  stm32f10x_tim.o(.text)
    TIM_TIxExternalClockConfig               0x0800134f   Thumb Code    62  stm32f10x_tim.o(.text)
    TIM_ETRConfig                            0x0800138d   Thumb Code    28  stm32f10x_tim.o(.text)
    TIM_ETRClockMode1Config                  0x080013a9   Thumb Code    54  stm32f10x_tim.o(.text)
    TIM_ETRClockMode2Config                  0x080013df   Thumb Code    32  stm32f10x_tim.o(.text)
    TIM_PrescalerConfig                      0x080013ff   Thumb Code     6  stm32f10x_tim.o(.text)
    TIM_CounterModeConfig                    0x08001405   Thumb Code    18  stm32f10x_tim.o(.text)
    TIM_EncoderInterfaceConfig               0x08001417   Thumb Code    66  stm32f10x_tim.o(.text)
    TIM_ForcedOC1Config                      0x08001459   Thumb Code    18  stm32f10x_tim.o(.text)
    TIM_ForcedOC2Config                      0x0800146b   Thumb Code    26  stm32f10x_tim.o(.text)
    TIM_ForcedOC3Config                      0x08001485   Thumb Code    18  stm32f10x_tim.o(.text)
    TIM_ForcedOC4Config                      0x08001497   Thumb Code    26  stm32f10x_tim.o(.text)
    TIM_ARRPreloadConfig                     0x080014b1   Thumb Code    24  stm32f10x_tim.o(.text)
    TIM_SelectCOM                            0x080014c9   Thumb Code    24  stm32f10x_tim.o(.text)
    TIM_SelectCCDMA                          0x080014e1   Thumb Code    24  stm32f10x_tim.o(.text)
    TIM_CCPreloadControl                     0x080014f9   Thumb Code    24  stm32f10x_tim.o(.text)
    TIM_OC1PreloadConfig                     0x08001511   Thumb Code    18  stm32f10x_tim.o(.text)
    TIM_OC2PreloadConfig                     0x08001523   Thumb Code    26  stm32f10x_tim.o(.text)
    TIM_OC3PreloadConfig                     0x0800153d   Thumb Code    18  stm32f10x_tim.o(.text)
    TIM_OC4PreloadConfig                     0x0800154f   Thumb Code    26  stm32f10x_tim.o(.text)
    TIM_OC1FastConfig                        0x08001569   Thumb Code    18  stm32f10x_tim.o(.text)
    TIM_OC2FastConfig                        0x0800157b   Thumb Code    26  stm32f10x_tim.o(.text)
    TIM_OC3FastConfig                        0x08001595   Thumb Code    18  stm32f10x_tim.o(.text)
    TIM_OC4FastConfig                        0x080015a7   Thumb Code    26  stm32f10x_tim.o(.text)
    TIM_ClearOC1Ref                          0x080015c1   Thumb Code    18  stm32f10x_tim.o(.text)
    TIM_ClearOC2Ref                          0x080015d3   Thumb Code    24  stm32f10x_tim.o(.text)
    TIM_ClearOC3Ref                          0x080015eb   Thumb Code    18  stm32f10x_tim.o(.text)
    TIM_ClearOC4Ref                          0x080015fd   Thumb Code    24  stm32f10x_tim.o(.text)
    TIM_OC1PolarityConfig                    0x08001615   Thumb Code    18  stm32f10x_tim.o(.text)
    TIM_OC1NPolarityConfig                   0x08001627   Thumb Code    18  stm32f10x_tim.o(.text)
    TIM_OC2PolarityConfig                    0x08001639   Thumb Code    26  stm32f10x_tim.o(.text)
    TIM_OC2NPolarityConfig                   0x08001653   Thumb Code    26  stm32f10x_tim.o(.text)
    TIM_OC3PolarityConfig                    0x0800166d   Thumb Code    26  stm32f10x_tim.o(.text)
    TIM_OC3NPolarityConfig                   0x08001687   Thumb Code    26  stm32f10x_tim.o(.text)
    TIM_OC4PolarityConfig                    0x080016a1   Thumb Code    26  stm32f10x_tim.o(.text)
    TIM_CCxCmd                               0x080016bb   Thumb Code    30  stm32f10x_tim.o(.text)
    TIM_CCxNCmd                              0x080016d9   Thumb Code    30  stm32f10x_tim.o(.text)
    TIM_SelectOCxM                           0x080016f7   Thumb Code    82  stm32f10x_tim.o(.text)
    TIM_UpdateDisableConfig                  0x08001749   Thumb Code    24  stm32f10x_tim.o(.text)
    TIM_UpdateRequestConfig                  0x08001761   Thumb Code    24  stm32f10x_tim.o(.text)
    TIM_SelectHallSensor                     0x08001779   Thumb Code    24  stm32f10x_tim.o(.text)
    TIM_SelectOnePulseMode                   0x08001791   Thumb Code    18  stm32f10x_tim.o(.text)
    TIM_SelectOutputTrigger                  0x080017a3   Thumb Code    18  stm32f10x_tim.o(.text)
    TIM_SelectSlaveMode                      0x080017b5   Thumb Code    18  stm32f10x_tim.o(.text)
    TIM_SelectMasterSlaveMode                0x080017c7   Thumb Code    18  stm32f10x_tim.o(.text)
    TIM_SetCounter                           0x080017d9   Thumb Code     4  stm32f10x_tim.o(.text)
    TIM_SetAutoreload                        0x080017dd   Thumb Code     4  stm32f10x_tim.o(.text)
    TIM_SetCompare1                          0x080017e1   Thumb Code     4  stm32f10x_tim.o(.text)
    TIM_SetCompare2                          0x080017e5   Thumb Code     4  stm32f10x_tim.o(.text)
    TIM_SetCompare3                          0x080017e9   Thumb Code     4  stm32f10x_tim.o(.text)
    TIM_SetCompare4                          0x080017ed   Thumb Code     6  stm32f10x_tim.o(.text)
    TIM_SetClockDivision                     0x080017f3   Thumb Code    18  stm32f10x_tim.o(.text)
    TIM_GetCapture1                          0x08001805   Thumb Code     6  stm32f10x_tim.o(.text)
    TIM_GetCapture2                          0x0800180b   Thumb Code     6  stm32f10x_tim.o(.text)
    TIM_GetCapture3                          0x08001811   Thumb Code     6  stm32f10x_tim.o(.text)
    TIM_GetCapture4                          0x08001817   Thumb Code     8  stm32f10x_tim.o(.text)
    TIM_GetCounter                           0x0800181f   Thumb Code     6  stm32f10x_tim.o(.text)
    TIM_GetPrescaler                         0x08001825   Thumb Code     6  stm32f10x_tim.o(.text)
    TIM_GetFlagStatus                        0x0800182b   Thumb Code    18  stm32f10x_tim.o(.text)
    TIM_ClearFlag                            0x0800183d   Thumb Code     6  stm32f10x_tim.o(.text)
    TIM_GetITStatus                          0x08001843   Thumb Code    34  stm32f10x_tim.o(.text)
    TIM_ClearITPendingBit                    0x08001865   Thumb Code     6  stm32f10x_tim.o(.text)
    USART_DeInit                             0x0800186d   Thumb Code   134  stm32f10x_usart.o(.text)
    USART_Init                               0x080018f3   Thumb Code   210  stm32f10x_usart.o(.text)
    USART_StructInit                         0x080019c5   Thumb Code    24  stm32f10x_usart.o(.text)
    USART_ClockInit                          0x080019dd   Thumb Code    34  stm32f10x_usart.o(.text)
    USART_ClockStructInit                    0x080019ff   Thumb Code    12  stm32f10x_usart.o(.text)
    USART_Cmd                                0x08001a0b   Thumb Code    24  stm32f10x_usart.o(.text)
    USART_ITConfig                           0x08001a23   Thumb Code    74  stm32f10x_usart.o(.text)
    USART_DMACmd                             0x08001a6d   Thumb Code    18  stm32f10x_usart.o(.text)
    USART_SetAddress                         0x08001a7f   Thumb Code    18  stm32f10x_usart.o(.text)
    USART_WakeUpConfig                       0x08001a91   Thumb Code    18  stm32f10x_usart.o(.text)
    USART_ReceiverWakeUpCmd                  0x08001aa3   Thumb Code    24  stm32f10x_usart.o(.text)
    USART_LINBreakDetectLengthConfig         0x08001abb   Thumb Code    18  stm32f10x_usart.o(.text)
    USART_LINCmd                             0x08001acd   Thumb Code    24  stm32f10x_usart.o(.text)
    USART_SendData                           0x08001ae5   Thumb Code     8  stm32f10x_usart.o(.text)
    USART_ReceiveData                        0x08001aed   Thumb Code    10  stm32f10x_usart.o(.text)
    USART_SendBreak                          0x08001af7   Thumb Code    10  stm32f10x_usart.o(.text)
    USART_SetGuardTime                       0x08001b01   Thumb Code    16  stm32f10x_usart.o(.text)
    USART_SetPrescaler                       0x08001b11   Thumb Code    16  stm32f10x_usart.o(.text)
    USART_SmartCardCmd                       0x08001b21   Thumb Code    24  stm32f10x_usart.o(.text)
    USART_SmartCardNACKCmd                   0x08001b39   Thumb Code    24  stm32f10x_usart.o(.text)
    USART_HalfDuplexCmd                      0x08001b51   Thumb Code    24  stm32f10x_usart.o(.text)
    USART_OverSampling8Cmd                   0x08001b69   Thumb Code    22  stm32f10x_usart.o(.text)
    USART_OneBitMethodCmd                    0x08001b7f   Thumb Code    24  stm32f10x_usart.o(.text)
    USART_IrDAConfig                         0x08001b97   Thumb Code    18  stm32f10x_usart.o(.text)
    USART_IrDACmd                            0x08001ba9   Thumb Code    24  stm32f10x_usart.o(.text)
    USART_GetFlagStatus                      0x08001bc1   Thumb Code    26  stm32f10x_usart.o(.text)
    USART_ClearFlag                          0x08001bdb   Thumb Code    18  stm32f10x_usart.o(.text)
    USART_GetITStatus                        0x08001bed   Thumb Code    84  stm32f10x_usart.o(.text)
    USART_ClearITPendingBit                  0x08001c41   Thumb Code    52  stm32f10x_usart.o(.text)
    main                                     0x08001e3f   Thumb Code   180  main.o(.text)
    NMI_Handler                              0x08002091   Thumb Code     2  stm32f10x_it.o(.text)
    HardFault_Handler                        0x08002093   Thumb Code     4  stm32f10x_it.o(.text)
    MemManage_Handler                        0x08002097   Thumb Code     4  stm32f10x_it.o(.text)
    BusFault_Handler                         0x0800209b   Thumb Code     4  stm32f10x_it.o(.text)
    UsageFault_Handler                       0x0800209f   Thumb Code     4  stm32f10x_it.o(.text)
    SVC_Handler                              0x080020a3   Thumb Code     2  stm32f10x_it.o(.text)
    DebugMon_Handler                         0x080020a5   Thumb Code     2  stm32f10x_it.o(.text)
    PendSV_Handler                           0x080020a7   Thumb Code     2  stm32f10x_it.o(.text)
    SysTick_Handler                          0x080020a9   Thumb Code     2  stm32f10x_it.o(.text)
    USART3_IRQHandler                        0x080020ab   Thumb Code    30  stm32f10x_it.o(.text)
    SystemInit                               0x080021ab   Thumb Code    78  system_stm32f10x.o(.text)
    SystemCoreClockUpdate                    0x080021f9   Thumb Code   142  system_stm32f10x.o(.text)
    ArmControl_Init                          0x0800247b   Thumb Code    64  app.o(.text)
    ArmControl_Tick10ms                      0x080024bb   Thumb Code    30  app.o(.text)
    ArmControl_ReportStatus                  0x080024d9   Thumb Code    36  app.o(.text)
    TaskRun                                  0x08002d47   Thumb Code   268  app.o(.text)
    HandleControl                            0x08002e53   Thumb Code  1116  app.o(.text)
    PS2_Cmd                                  0x080032d9   Thumb Code   122  ps2gamepad.o(.text)
    PS2_RedLight                             0x08003353   Thumb Code    50  ps2gamepad.o(.text)
    PS2_ExitConfing                          0x08003385   Thumb Code    86  ps2gamepad.o(.text)
    PS2_VibrationMode                        0x080033db   Thumb Code    62  ps2gamepad.o(.text)
    PS2_TurnOnAnalogMode                     0x08003419   Thumb Code    86  ps2gamepad.o(.text)
    PS2_EnterConfing                         0x0800346f   Thumb Code    86  ps2gamepad.o(.text)
    PS2_ShortPoll                            0x080034c5   Thumb Code    62  ps2gamepad.o(.text)
    PS2_SetInit                              0x08003503   Thumb Code    50  ps2gamepad.o(.text)
    InitPS2                                  0x08003535   Thumb Code   102  ps2gamepad.o(.text)
    FilteredValue                            0x0800359b   Thumb Code    66  ps2gamepad.o(.text)
    PS2_ReadData                             0x080035dd   Thumb Code   158  ps2gamepad.o(.text)
    PS2_ClearData                            0x0800367b   Thumb Code    20  ps2gamepad.o(.text)
    PS2_DataKey                              0x0800368f   Thumb Code   126  ps2gamepad.o(.text)
    PS2_NewButtonState                       0x0800370d   Thumb Code    34  ps2gamepad.o(.text)
    PS2_Button                               0x0800372f   Thumb Code    30  ps2gamepad.o(.text)
    PS2_ButtonPressed                        0x0800374d   Thumb Code    28  ps2gamepad.o(.text)
    PS2_ButtonReleased                       0x08003769   Thumb Code    28  ps2gamepad.o(.text)
    PS2_AnologData                           0x08003785   Thumb Code    84  ps2gamepad.o(.text)
    PS2_Vibration                            0x080037d9   Thumb Code    88  ps2gamepad.o(.text)
    MovingAverage_Init                       0x08003845   Thumb Code    40  filter.o(.text)
    MovingAverage_Update                     0x0800386d   Thumb Code    60  filter.o(.text)
    MovingAverage_IsStable                   0x080038a9   Thumb Code    68  filter.o(.text)
    LowPassFilter_Init                       0x080038ed   Thumb Code    52  filter.o(.text)
    LowPassFilter_UpdateFloat                0x08003921   Thumb Code    72  filter.o(.text)
    LowPassFilter_UpdateInt                  0x08003969   Thumb Code    72  filter.o(.text)
    Delay_us                                 0x080039b1   Thumb Code    46  delay.o(.text)
    Delay_ms                                 0x080039df   Thumb Code    24  delay.o(.text)
    Delay_s                                  0x080039f7   Thumb Code    24  delay.o(.text)
    MOTOR_GPIO_Init                          0x08003a11   Thumb Code    52  mymotor.o(.text)
    Set_Car_Speed                            0x08003a45   Thumb Code   238  mymotor.o(.text)
    TIM4_PWM_Init                            0x08003b41   Thumb Code   164  time.o(.text)
    Encoder_Init                             0x08003bfb   Thumb Code   208  time.o(.text)
    Encoder_Read1                            0x08003ccb   Thumb Code    40  time.o(.text)
    Encoder_Read2                            0x08003cf3   Thumb Code    36  time.o(.text)
    Encoder_Read3                            0x08003d17   Thumb Code    36  time.o(.text)
    Encoder_ResetTotals                      0x08003d3b   Thumb Code    56  time.o(.text)
    Encoder_GetTotals                        0x08003d73   Thumb Code    26  time.o(.text)
    Encoder_GetVelocity                      0x08003d8d   Thumb Code    32  time.o(.text)
    ClosedLoop_Reset                         0x08003dad   Thumb Code    68  time.o(.text)
    ClosedLoop_Update                        0x08003df1   Thumb Code   894  time.o(.text)
    AHRS_Init                                0x0800421f   Thumb Code    68  ahrs.o(.text)
    AHRS_Update                              0x08004263   Thumb Code  2412  ahrs.o(.text)
    AHRS_GetEulerDeg                         0x08004bcf   Thumb Code    88  ahrs.o(.text)
    IMUSerial_Init                           0x08004c3f   Thumb Code   158  imuserial.o(.text)
    IMUSerial_SendByte                       0x08004cdd   Thumb Code    28  imuserial.o(.text)
    IMUSerial_SendString                     0x08004cf9   Thumb Code    26  imuserial.o(.text)
    _sys_exit                                0x08004d13   Thumb Code     4  imuserial.o(.text)
    fputc                                    0x08004d17   Thumb Code    18  imuserial.o(.text)
    IMUSerial_Printf                         0x08004d29   Thumb Code    40  imuserial.o(.text)
    IMUSerial_OnRxByte                       0x08004d51   Thumb Code    82  imuserial.o(.text)
    IMUSerial_PollCommand                    0x0800587d   Thumb Code    88  imuserial.o(.text)
    IMUSerial_Tick10ms                       0x080058d5   Thumb Code    18  imuserial.o(.text)
    IMUSerial_GetHostAxes                    0x080058e7   Thumb Code    50  imuserial.o(.text)
    IMUSerial_ConsumeHostPattern             0x08005919   Thumb Code    12  imuserial.o(.text)
    IMUSerial_ConsumeHostEnable              0x08005925   Thumb Code   144  imuserial.o(.text)
    IMUSerial_ConsumeHostEstop               0x080059b5   Thumb Code    12  imuserial.o(.text)
    IMUSerial_ConsumeHostGripper             0x080059c1   Thumb Code    16  imuserial.o(.text)
    IMUSerial_ConsumeHostHome                0x080059d1   Thumb Code    12  imuserial.o(.text)
    IMUSerial_ConsumeHostStatusRequest       0x080059dd   Thumb Code    12  imuserial.o(.text)
    IMUSerial_ConsumeHostRodTarget           0x080059e9   Thumb Code    52  imuserial.o(.text)
    IMU_Multi_Init                           0x08006399   Thumb Code   464  imu_multi.o(.text)
    IMU_Multi_Update                         0x08006569   Thumb Code   518  imu_multi.o(.text)
    IMU_Multi_Get                            0x0800676f   Thumb Code    22  imu_multi.o(.text)
    __use_no_semihosting                     0x08006795   Thumb Code     2  use_no_semi_2.o(.text)
    vsnprintf                                0x08006799   Thumb Code    48  vsnprintf.o(.text)
    __0sscanf                                0x080067cd   Thumb Code    52  __0sscanf.o(.text)
    _scanf_int                               0x08006809   Thumb Code   332  _scanf_int.o(.text)
    _scanf_string                            0x08006955   Thumb Code   224  _scanf_str.o(.text)
    __use_two_region_memory                  0x08006a35   Thumb Code     2  heapauxi.o(.text)
    __rt_heap_escrow$2region                 0x08006a37   Thumb Code     2  heapauxi.o(.text)
    __rt_heap_expand$2region                 0x08006a39   Thumb Code     2  heapauxi.o(.text)
    __I$use$semihosting                      0x08006a3b   Thumb Code     0  use_no_semi.o(.text)
    __use_no_semihosting_swi                 0x08006a3b   Thumb Code     2  use_no_semi.o(.text)
    __read_errno                             0x08006a3d   Thumb Code    10  _rserrno.o(.text)
    __set_errno                              0x08006a47   Thumb Code    12  _rserrno.o(.text)
    _printf_pre_padding                      0x08006a53   Thumb Code    44  _printf_pad.o(.text)
    _printf_post_padding                     0x08006a7f   Thumb Code    34  _printf_pad.o(.text)
    _printf_truncate_signed                  0x08006aa1   Thumb Code    18  _printf_truncate.o(.text)
    _printf_truncate_unsigned                0x08006ab3   Thumb Code    18  _printf_truncate.o(.text)
    _printf_str                              0x08006ac5   Thumb Code    82  _printf_str.o(.text)
    _printf_int_dec                          0x08006b19   Thumb Code   104  _printf_dec.o(.text)
    _printf_charcount                        0x08006b91   Thumb Code    40  _printf_charcount.o(.text)
    _printf_char_common                      0x08006bc3   Thumb Code    32  _printf_char_common.o(.text)
    _sputc                                   0x08006be9   Thumb Code    10  _sputc.o(.text)
    _snputc                                  0x08006bf3   Thumb Code    16  _snputc.o(.text)
    _printf_wctomb                           0x08006c05   Thumb Code   182  _printf_wctomb.o(.text)
    _printf_longlong_dec                     0x08006cc1   Thumb Code   108  _printf_longlong_dec.o(.text)
    _printf_longlong_oct                     0x08006d3d   Thumb Code    66  _printf_oct_int_ll.o(.text)
    _printf_int_oct                          0x08006d7f   Thumb Code    24  _printf_oct_int_ll.o(.text)
    _printf_ll_oct                           0x08006d97   Thumb Code    12  _printf_oct_int_ll.o(.text)
    _printf_longlong_hex                     0x08006dad   Thumb Code    86  _printf_hex_int_ll_ptr.o(.text)
    _printf_int_hex                          0x08006e03   Thumb Code    28  _printf_hex_int_ll_ptr.o(.text)
    _printf_ll_hex                           0x08006e1f   Thumb Code    12  _printf_hex_int_ll_ptr.o(.text)
    _printf_hex_ptr                          0x08006e2b   Thumb Code    18  _printf_hex_int_ll_ptr.o(.text)
    __printf                                 0x08006e41   Thumb Code   388  __printf_flags_ss_wp.o(.text)
    _chval                                   0x08006fc9   Thumb Code    28  _chval.o(.text)
    _scanf_really_real                       0x08007231   Thumb Code   684  scanf_fp.o(.text)
    __vfscanf_char                           0x080074e9   Thumb Code    24  scanf_char.o(.text)
    _sgetc                                   0x08007509   Thumb Code    30  _sgetc.o(.text)
    _sbackspace                              0x08007527   Thumb Code    34  _sgetc.o(.text)
    __rt_locale                              0x08007549   Thumb Code     8  rt_locale_intlibspace.o(.text)
    __aeabi_errno_addr                       0x08007551   Thumb Code     8  rt_errno_addr_intlibspace.o(.text)
    __errno$intlibspace                      0x08007551   Thumb Code     0  rt_errno_addr_intlibspace.o(.text)
    __rt_errno_addr$intlibspace              0x08007551   Thumb Code     0  rt_errno_addr_intlibspace.o(.text)
    _ll_udiv10                               0x08007559   Thumb Code   138  lludiv10.o(.text)
    isspace                                  0x080075e3   Thumb Code    18  isspace.o(.text)
    _printf_int_common                       0x080075f5   Thumb Code   178  _printf_intcommon.o(.text)
    __lib_sel_fp_printf                      0x080076a7   Thumb Code     2  _printf_fp_dec.o(.text)
    _printf_fp_dec_real                      0x08007859   Thumb Code   620  _printf_fp_dec.o(.text)
    _printf_fp_hex_real                      0x08007ac5   Thumb Code   756  _printf_fp_hex.o(.text)
    _printf_cs_common                        0x08007dc1   Thumb Code    20  _printf_char.o(.text)
    _printf_char                             0x08007dd5   Thumb Code    16  _printf_char.o(.text)
    _printf_string                           0x08007de5   Thumb Code     8  _printf_char.o(.text)
    _printf_lcs_common                       0x08007ded   Thumb Code    20  _printf_wchar.o(.text)
    _printf_wchar                            0x08007e01   Thumb Code    16  _printf_wchar.o(.text)
    _printf_wstring                          0x08007e11   Thumb Code     8  _printf_wchar.o(.text)
    __vfscanf                                0x08007e19   Thumb Code   878  _scanf.o(.text)
    _btod_etento                             0x0800818d   Thumb Code   224  bigflt0.o(.text)
    _wcrtomb                                 0x08008271   Thumb Code    64  _wcrtomb.o(.text)
    __user_libspace                          0x080082b1   Thumb Code     8  libspace.o(.text)
    __user_perproc_libspace                  0x080082b1   Thumb Code     0  libspace.o(.text)
    __user_perthread_libspace                0x080082b1   Thumb Code     0  libspace.o(.text)
    __user_setup_stackheap                   0x080082b9   Thumb Code    74  sys_stackheap_outer.o(.text)
    __rt_ctype_table                         0x08008305   Thumb Code    16  rt_ctype_table.o(.text)
    _printf_fp_infnan                        0x08008315   Thumb Code   112  _printf_fp_infnan.o(.text)
    _scanf_really_hex_real                   0x08008395   Thumb Code   786  scanf_hexfp.o(.text)
    _scanf_really_infnan                     0x080086b5   Thumb Code   292  scanf_infnan.o(.text)
    exit                                     0x080087e9   Thumb Code    18  exit.o(.text)
    strcmp                                   0x080087fd   Thumb Code   128  strcmpv7m.o(.text)
    __aeabi_llsl                             0x0800887d   Thumb Code     0  llshl.o(.text)
    _ll_shift_l                              0x0800887d   Thumb Code    38  llshl.o(.text)
    _btod_d2e                                0x080088a3   Thumb Code    62  btod.o(CL$$btod_d2e)
    _d2e_denorm_low                          0x080088e1   Thumb Code    70  btod.o(CL$$btod_d2e_denorm_low)
    _d2e_norm_op1                            0x08008927   Thumb Code    96  btod.o(CL$$btod_d2e_norm_op1)
    __btod_div_common                        0x08008987   Thumb Code   696  btod.o(CL$$btod_div_common)
    _e2d                                     0x08008cc1   Thumb Code   122  btod.o(CL$$btod_e2d)
    _e2e                                     0x08008d45   Thumb Code   220  btod.o(CL$$btod_e2e)
    _btod_ediv                               0x08008e21   Thumb Code    42  btod.o(CL$$btod_ediv)
    _btod_edivd                              0x08008e4b   Thumb Code    42  btod.o(CL$$btod_edivd)
    _btod_emul                               0x08008e75   Thumb Code    42  btod.o(CL$$btod_emul)
    _btod_emuld                              0x08008e9f   Thumb Code    42  btod.o(CL$$btod_emuld)
    __btod_mult_common                       0x08008ec9   Thumb Code   580  btod.o(CL$$btod_mult_common)
    __ARM_fpclassify                         0x0800910d   Thumb Code    40  fpclassify.o(i.__ARM_fpclassify)
    __ARM_fpclassifyf                        0x08009135   Thumb Code    38  fpclassifyf.o(i.__ARM_fpclassifyf)
    __mathlib_dbl_overflow                   0x0800915b   Thumb Code    14  dunder.o(i.__mathlib_dbl_overflow)
    __mathlib_dbl_underflow                  0x08009169   Thumb Code    10  dunder.o(i.__mathlib_dbl_underflow)
    __mathlib_flt_divzero                    0x08009179   Thumb Code    10  funder.o(i.__mathlib_flt_divzero)
    __mathlib_flt_infnan                     0x08009183   Thumb Code     6  funder.o(i.__mathlib_flt_infnan)
    __mathlib_flt_infnan2                    0x08009189   Thumb Code     4  funder.o(i.__mathlib_flt_infnan2)
    __mathlib_flt_invalid                    0x0800918d   Thumb Code     8  funder.o(i.__mathlib_flt_invalid)
    __mathlib_flt_overflow                   0x08009195   Thumb Code    10  funder.o(i.__mathlib_flt_overflow)
    __mathlib_flt_underflow                  0x0800919f   Thumb Code    10  funder.o(i.__mathlib_flt_underflow)
    __mathlib_narrow                         0x080091a9   Thumb Code    16  narrow.o(i.__mathlib_narrow)
    __mathlib_rredf2                         0x080091b9   Thumb Code   344  rredf.o(i.__mathlib_rredf2)
    __mathlib_tofloat                        0x08009321   Thumb Code   184  narrow.o(i.__mathlib_tofloat)
    __support_ldexp                          0x080093dd   Thumb Code    22  ldexp.o(i.__support_ldexp)
    _is_digit                                0x080093f3   Thumb Code    14  __printf_wp.o(i._is_digit)
    asinf                                    0x08009401   Thumb Code   254  asinf.o(i.asinf)
    atan2f                                   0x08009525   Thumb Code   528  atan2f.o(i.atan2f)
    cosf                                     0x08009781   Thumb Code   328  cosf.o(i.cosf)
    frexp                                    0x080098fd   Thumb Code    80  frexp.o(i.frexp)
    ldexp                                    0x08009955   Thumb Code   116  ldexp.o(i.ldexp)
    __mathlib_powf                           0x080099c9   Thumb Code     0  powf.o(i.powf)
    powf                                     0x080099c9   Thumb Code  1548  powf.o(i.powf)
    sinf                                     0x08009fe9   Thumb Code   338  sinf.o(i.sinf)
    sqrtf                                    0x0800a171   Thumb Code    44  sqrtf.o(i.sqrtf)
    _get_lc_numeric                          0x0800a19d   Thumb Code    44  lc_numeric_c.o(locale$$code)
    _get_lc_ctype                            0x0800a1c9   Thumb Code    44  lc_ctype_c.o(locale$$code)
    __aeabi_d2f                              0x0800a1f5   Thumb Code     0  d2f.o(x$fpl$d2f)
    _d2f                                     0x0800a1f5   Thumb Code    98  d2f.o(x$fpl$d2f)
    __fpl_dcheck_NaN1                        0x0800a259   Thumb Code    10  dcheck1.o(x$fpl$dcheck1)
    __fpl_dcmp_Inf                           0x0800a269   Thumb Code    24  dcmpi.o(x$fpl$dcmpinf)
    __aeabi_cdcmpeq                          0x0800a281   Thumb Code     0  deqf.o(x$fpl$deqf)
    _dcmpeq                                  0x0800a281   Thumb Code   120  deqf.o(x$fpl$deqf)
    __aeabi_cdcmple                          0x0800a2f9   Thumb Code     0  dleqf.o(x$fpl$dleqf)
    _dcmple                                  0x0800a2f9   Thumb Code   120  dleqf.o(x$fpl$dleqf)
    __fpl_dcmple_InfNaN                      0x0800a35b   Thumb Code     0  dleqf.o(x$fpl$dleqf)
    __fpl_dnaninf                            0x0800a371   Thumb Code   156  dnaninf.o(x$fpl$dnaninf)
    __fpl_dretinf                            0x0800a40d   Thumb Code    12  dretinf.o(x$fpl$dretinf)
    __aeabi_cdrcmple                         0x0800a419   Thumb Code     0  drleqf.o(x$fpl$drleqf)
    _drcmple                                 0x0800a419   Thumb Code   108  drleqf.o(x$fpl$drleqf)
    __aeabi_f2d                              0x0800a485   Thumb Code     0  f2d.o(x$fpl$f2d)
    _f2d                                     0x0800a485   Thumb Code    86  f2d.o(x$fpl$f2d)
    __aeabi_fadd                             0x0800a4dd   Thumb Code     0  faddsub_clz.o(x$fpl$fadd)
    _fadd                                    0x0800a4dd   Thumb Code   196  faddsub_clz.o(x$fpl$fadd)
    __fpl_fcheck_NaN1                        0x0800a5a1   Thumb Code     6  fcheck1.o(x$fpl$fcheck1)
    __fpl_fcmp_Inf                           0x0800a5ad   Thumb Code    24  fcmpi.o(x$fpl$fcmpinf)
    __aeabi_fdiv                             0x0800a5c5   Thumb Code     0  fdiv.o(x$fpl$fdiv)
    _fdiv                                    0x0800a5c5   Thumb Code   384  fdiv.o(x$fpl$fdiv)
    __aeabi_cfcmpeq                          0x0800a749   Thumb Code     0  feqf.o(x$fpl$feqf)
    _fcmpeq                                  0x0800a749   Thumb Code   104  feqf.o(x$fpl$feqf)
    __aeabi_f2iz                             0x0800a7b1   Thumb Code     0  ffix.o(x$fpl$ffix)
    _ffix                                    0x0800a7b1   Thumb Code    54  ffix.o(x$fpl$ffix)
    _ffix_r                                  0x0800a7e9   Thumb Code    82  ffix.o(x$fpl$ffixr)
    __aeabi_f2uiz                            0x0800a83d   Thumb Code     0  ffixu.o(x$fpl$ffixu)
    _ffixu                                   0x0800a83d   Thumb Code    62  ffixu.o(x$fpl$ffixu)
    __aeabi_i2f                              0x0800a87d   Thumb Code     0  fflt_clz.o(x$fpl$fflt)
    _fflt                                    0x0800a87d   Thumb Code    48  fflt_clz.o(x$fpl$fflt)
    __aeabi_ui2f                             0x0800a8ad   Thumb Code     0  fflt_clz.o(x$fpl$ffltu)
    _ffltu                                   0x0800a8ad   Thumb Code    38  fflt_clz.o(x$fpl$ffltu)
    __aeabi_cfcmple                          0x0800a8d5   Thumb Code     0  fleqf.o(x$fpl$fleqf)
    _fcmple                                  0x0800a8d5   Thumb Code   104  fleqf.o(x$fpl$fleqf)
    __fpl_fcmple_InfNaN                      0x0800a927   Thumb Code     0  fleqf.o(x$fpl$fleqf)
    __aeabi_fmul                             0x0800a93d   Thumb Code     0  fmul.o(x$fpl$fmul)
    _fmul                                    0x0800a93d   Thumb Code   258  fmul.o(x$fpl$fmul)
    __fpl_fnaninf                            0x0800aa3f   Thumb Code   140  fnaninf.o(x$fpl$fnaninf)
    __fpl_fretinf                            0x0800aacb   Thumb Code    10  fretinf.o(x$fpl$fretinf)
    __aeabi_cfrcmple                         0x0800aad5   Thumb Code     0  frleqf.o(x$fpl$frleqf)
    _frcmple                                 0x0800aad5   Thumb Code    98  frleqf.o(x$fpl$frleqf)
    _frnd                                    0x0800ab39   Thumb Code    96  frnd.o(x$fpl$frnd)
    __aeabi_frsub                            0x0800ab99   Thumb Code     0  faddsub_clz.o(x$fpl$frsb)
    _frsb                                    0x0800ab99   Thumb Code    20  faddsub_clz.o(x$fpl$frsb)
    _fsqrt                                   0x0800abad   Thumb Code   272  fsqrt.o(x$fpl$fsqrt)
    __aeabi_fsub                             0x0800acbd   Thumb Code     0  faddsub_clz.o(x$fpl$fsub)
    _fsub                                    0x0800acbd   Thumb Code   234  faddsub_clz.o(x$fpl$fsub)
    __ieee_status                            0x0800ada7   Thumb Code     6  istatus.o(x$fpl$ieeestatus)
    _printf_fp_dec                           0x0800adad   Thumb Code     4  printf1.o(x$fpl$printf1)
    _printf_fp_hex                           0x0800adb1   Thumb Code     4  printf2.o(x$fpl$printf2)
    __fpl_return_NaN                         0x0800adb5   Thumb Code   100  retnan.o(x$fpl$retnan)
    __ARM_scalbn                             0x0800ae19   Thumb Code    92  scalbn.o(x$fpl$scalbn)
    __ARM_scalbnf                            0x0800ae75   Thumb Code    76  scalbnf.o(x$fpl$scalbnf)
    _scanf_real                              0x0800aec1   Thumb Code     4  scanf1.o(x$fpl$scanf1)
    _scanf_hex_real                          0x0800aec5   Thumb Code     4  scanf2.o(x$fpl$scanf2)
    _scanf_infnan                            0x0800aec9   Thumb Code     4  scanf2.o(x$fpl$scanf2)
    __fpl_cmpreturn                          0x0800aecd   Thumb Code    48  trapv.o(x$fpl$trapveneer)
    __I$use$fp                               0x0800aefc   Number         0  usenofp.o(x$fpl$usenofp)
    Region$$Table$$Base                      0x0800b18c   Number         0  anon$$obj.o(Region$$Table)
    Region$$Table$$Limit                     0x0800b1ac   Number         0  anon$$obj.o(Region$$Table)
    __aeabi_HUGE_VAL                         0x0800b1ac   Data           0  fpconst.o(c$$dinf)
    __aeabi_HUGE_VALL                        0x0800b1ac   Data           0  fpconst.o(c$$dinf)
    __aeabi_INFINITY                         0x0800b1ac   Data           0  fpconst.o(c$$dinf)
    __dInf                                   0x0800b1ac   Data           0  fpconst.o(c$$dinf)
    __huge_val                               0x0800b1ac   Data           0  fpconst.o(c$$dinf)
    __dbl_max                                0x0800b1b4   Data           0  fpconst.o(c$$dmax)
    __ctype                                  0x0800b1e5   Data           0  lc_ctype_c.o(locale$$data)
    SystemCoreClock                          0x20000014   Data           4  system_stm32f10x.o(.data)
    AHBPrescTable                            0x20000018   Data          16  system_stm32f10x.o(.data)
    g_home_L1_mm                             0x20000028   Data           4  app.o(.data)
    g_home_L2_mm                             0x2000002c   Data           4  app.o(.data)
    g_home_L3_mm                             0x20000030   Data           4  app.o(.data)
    g_rod_kp_pos                             0x20000034   Data           4  app.o(.data)
    g_rod_tolerance_mm                       0x20000038   Data           4  app.o(.data)
    g_rod_speed_limit                        0x2000003c   Data           4  app.o(.data)
    g_mm_per_count_1                         0x20000040   Data           4  app.o(.data)
    g_mm_per_count_2                         0x20000044   Data           4  app.o(.data)
    g_mm_per_count_3                         0x20000048   Data           4  app.o(.data)
    Handkey                                  0x2000007c   Data           2  ps2gamepad.o(.data)
    Comd                                     0x2000007e   Data           2  ps2gamepad.o(.data)
    MASK                                     0x20000080   Data          32  ps2gamepad.o(.data)
    LastHandkey                              0x200000a0   Data           2  ps2gamepad.o(.data)
    __stdout                                 0x200000f4   Data           4  imuserial.o(.data)
    Data                                     0x20000104   Data           9  ps2gamepad.o(.bss)
    __libspace_start                         0x200003c0   Data          96  libspace.o(.bss)
    __temporary_stack_top$libspace           0x20000420   Data           0  libspace.o(.bss)



==============================================================================

Memory Map of the image

  Image Entry point : 0x080000ed

  Load Region LR_IROM1 (Base: 0x08000000, Size: 0x0000b3e0, Max: 0x00010000, ABSOLUTE)

    Execution Region ER_IROM1 (Exec base: 0x08000000, Load base: 0x08000000, Size: 0x0000b2e8, Max: 0x00010000, ABSOLUTE)

    Exec Addr    Load Addr    Size         Type   Attr      Idx    E Section Name        Object

    0x08000000   0x08000000   0x000000ec   Data   RO           19    RESET               startup_stm32f10x_md.o
    0x080000ec   0x080000ec   0x00000008   Code   RO          707  * !!!main             c_w.l(__main.o)
    0x080000f4   0x080000f4   0x00000034   Code   RO         1253    !!!scatter          c_w.l(__scatter.o)
    0x08000128   0x08000128   0x0000001a   Code   RO         1255    !!handler_copy      c_w.l(__scatter_copy.o)
    0x08000142   0x08000142   0x00000002   PAD
    0x08000144   0x08000144   0x0000001c   Code   RO         1257    !!handler_zi        c_w.l(__scatter_zi.o)
    0x08000160   0x08000160   0x00000000   Code   RO          895    .ARM.Collect$$_printf_percent$$00000000  c_w.l(_printf_percent.o)
    0x08000160   0x08000160   0x00000006   Code   RO          884    .ARM.Collect$$_printf_percent$$00000001  c_w.l(_printf_n.o)
    0x08000166   0x08000166   0x00000006   Code   RO          886    .ARM.Collect$$_printf_percent$$00000002  c_w.l(_printf_p.o)
    0x0800016c   0x0800016c   0x00000006   Code   RO          891    .ARM.Collect$$_printf_percent$$00000003  c_w.l(_printf_f.o)
    0x08000172   0x08000172   0x00000006   Code   RO          892    .ARM.Collect$$_printf_percent$$00000004  c_w.l(_printf_e.o)
    0x08000178   0x08000178   0x00000006   Code   RO          893    .ARM.Collect$$_printf_percent$$00000005  c_w.l(_printf_g.o)
    0x0800017e   0x0800017e   0x00000006   Code   RO          894    .ARM.Collect$$_printf_percent$$00000006  c_w.l(_printf_a.o)
    0x08000184   0x08000184   0x0000000a   Code   RO          899    .ARM.Collect$$_printf_percent$$00000007  c_w.l(_printf_ll.o)
    0x0800018e   0x0800018e   0x00000006   Code   RO          888    .ARM.Collect$$_printf_percent$$00000008  c_w.l(_printf_i.o)
    0x08000194   0x08000194   0x00000006   Code   RO          889    .ARM.Collect$$_printf_percent$$00000009  c_w.l(_printf_d.o)
    0x0800019a   0x0800019a   0x00000006   Code   RO          890    .ARM.Collect$$_printf_percent$$0000000A  c_w.l(_printf_u.o)
    0x080001a0   0x080001a0   0x00000006   Code   RO          887    .ARM.Collect$$_printf_percent$$0000000B  c_w.l(_printf_o.o)
    0x080001a6   0x080001a6   0x00000006   Code   RO          885    .ARM.Collect$$_printf_percent$$0000000C  c_w.l(_printf_x.o)
    0x080001ac   0x080001ac   0x00000006   Code   RO          896    .ARM.Collect$$_printf_percent$$0000000D  c_w.l(_printf_lli.o)
    0x080001b2   0x080001b2   0x00000006   Code   RO          897    .ARM.Collect$$_printf_percent$$0000000E  c_w.l(_printf_lld.o)
    0x080001b8   0x080001b8   0x00000006   Code   RO          898    .ARM.Collect$$_printf_percent$$0000000F  c_w.l(_printf_llu.o)
    0x080001be   0x080001be   0x00000006   Code   RO          903    .ARM.Collect$$_printf_percent$$00000010  c_w.l(_printf_llo.o)
    0x080001c4   0x080001c4   0x00000006   Code   RO          904    .ARM.Collect$$_printf_percent$$00000011  c_w.l(_printf_llx.o)
    0x080001ca   0x080001ca   0x0000000a   Code   RO          900    .ARM.Collect$$_printf_percent$$00000012  c_w.l(_printf_l.o)
    0x080001d4   0x080001d4   0x00000006   Code   RO          882    .ARM.Collect$$_printf_percent$$00000013  c_w.l(_printf_c.o)
    0x080001da   0x080001da   0x00000006   Code   RO          883    .ARM.Collect$$_printf_percent$$00000014  c_w.l(_printf_s.o)
    0x080001e0   0x080001e0   0x00000006   Code   RO          901    .ARM.Collect$$_printf_percent$$00000015  c_w.l(_printf_lc.o)
    0x080001e6   0x080001e6   0x00000006   Code   RO          902    .ARM.Collect$$_printf_percent$$00000016  c_w.l(_printf_ls.o)
    0x080001ec   0x080001ec   0x00000004   Code   RO         1001    .ARM.Collect$$_printf_percent$$00000017  c_w.l(_printf_percent_end.o)
    0x080001f0   0x080001f0   0x00000002   Code   RO         1074    .ARM.Collect$$libinit$$00000000  c_w.l(libinit.o)
    0x080001f2   0x080001f2   0x00000000   Code   RO         1076    .ARM.Collect$$libinit$$00000002  c_w.l(libinit2.o)
    0x080001f2   0x080001f2   0x00000000   Code   RO         1078    .ARM.Collect$$libinit$$00000004  c_w.l(libinit2.o)
    0x080001f2   0x080001f2   0x00000000   Code   RO         1081    .ARM.Collect$$libinit$$0000000A  c_w.l(libinit2.o)
    0x080001f2   0x080001f2   0x00000000   Code   RO         1083    .ARM.Collect$$libinit$$0000000C  c_w.l(libinit2.o)
    0x080001f2   0x080001f2   0x00000000   Code   RO         1085    .ARM.Collect$$libinit$$0000000E  c_w.l(libinit2.o)
    0x080001f2   0x080001f2   0x00000006   Code   RO         1086    .ARM.Collect$$libinit$$0000000F  c_w.l(libinit2.o)
    0x080001f8   0x080001f8   0x00000000   Code   RO         1088    .ARM.Collect$$libinit$$00000011  c_w.l(libinit2.o)
    0x080001f8   0x080001f8   0x0000000c   Code   RO         1089    .ARM.Collect$$libinit$$00000012  c_w.l(libinit2.o)
    0x08000204   0x08000204   0x00000000   Code   RO         1090    .ARM.Collect$$libinit$$00000013  c_w.l(libinit2.o)
    0x08000204   0x08000204   0x00000000   Code   RO         1092    .ARM.Collect$$libinit$$00000015  c_w.l(libinit2.o)
    0x08000204   0x08000204   0x0000000a   Code   RO         1093    .ARM.Collect$$libinit$$00000016  c_w.l(libinit2.o)
    0x0800020e   0x0800020e   0x00000000   Code   RO         1094    .ARM.Collect$$libinit$$00000017  c_w.l(libinit2.o)
    0x0800020e   0x0800020e   0x00000000   Code   RO         1096    .ARM.Collect$$libinit$$00000019  c_w.l(libinit2.o)
    0x0800020e   0x0800020e   0x00000000   Code   RO         1098    .ARM.Collect$$libinit$$0000001B  c_w.l(libinit2.o)
    0x0800020e   0x0800020e   0x00000000   Code   RO         1100    .ARM.Collect$$libinit$$0000001D  c_w.l(libinit2.o)
    0x0800020e   0x0800020e   0x00000000   Code   RO         1102    .ARM.Collect$$libinit$$0000001F  c_w.l(libinit2.o)
    0x0800020e   0x0800020e   0x00000000   Code   RO         1104    .ARM.Collect$$libinit$$00000021  c_w.l(libinit2.o)
    0x0800020e   0x0800020e   0x00000000   Code   RO         1106    .ARM.Collect$$libinit$$00000023  c_w.l(libinit2.o)
    0x0800020e   0x0800020e   0x00000000   Code   RO         1108    .ARM.Collect$$libinit$$00000025  c_w.l(libinit2.o)
    0x0800020e   0x0800020e   0x00000000   Code   RO         1112    .ARM.Collect$$libinit$$0000002C  c_w.l(libinit2.o)
    0x0800020e   0x0800020e   0x00000000   Code   RO         1114    .ARM.Collect$$libinit$$0000002E  c_w.l(libinit2.o)
    0x0800020e   0x0800020e   0x00000000   Code   RO         1116    .ARM.Collect$$libinit$$00000030  c_w.l(libinit2.o)
    0x0800020e   0x0800020e   0x00000000   Code   RO         1118    .ARM.Collect$$libinit$$00000032  c_w.l(libinit2.o)
    0x0800020e   0x0800020e   0x00000002   Code   RO         1119    .ARM.Collect$$libinit$$00000033  c_w.l(libinit2.o)
    0x08000210   0x08000210   0x00000002   Code   RO         1203    .ARM.Collect$$libshutdown$$00000000  c_w.l(libshutdown.o)
    0x08000212   0x08000212   0x00000000   Code   RO         1212    .ARM.Collect$$libshutdown$$00000002  c_w.l(libshutdown2.o)
    0x08000212   0x08000212   0x00000000   Code   RO         1214    .ARM.Collect$$libshutdown$$00000004  c_w.l(libshutdown2.o)
    0x08000212   0x08000212   0x00000000   Code   RO         1217    .ARM.Collect$$libshutdown$$00000007  c_w.l(libshutdown2.o)
    0x08000212   0x08000212   0x00000000   Code   RO         1220    .ARM.Collect$$libshutdown$$0000000A  c_w.l(libshutdown2.o)
    0x08000212   0x08000212   0x00000000   Code   RO         1222    .ARM.Collect$$libshutdown$$0000000C  c_w.l(libshutdown2.o)
    0x08000212   0x08000212   0x00000000   Code   RO         1225    .ARM.Collect$$libshutdown$$0000000F  c_w.l(libshutdown2.o)
    0x08000212   0x08000212   0x00000002   Code   RO         1226    .ARM.Collect$$libshutdown$$00000010  c_w.l(libshutdown2.o)
    0x08000214   0x08000214   0x00000000   Code   RO          809    .ARM.Collect$$rtentry$$00000000  c_w.l(__rtentry.o)
    0x08000214   0x08000214   0x00000000   Code   RO          960    .ARM.Collect$$rtentry$$00000002  c_w.l(__rtentry2.o)
    0x08000214   0x08000214   0x00000006   Code   RO          972    .ARM.Collect$$rtentry$$00000004  c_w.l(__rtentry4.o)
    0x0800021a   0x0800021a   0x00000000   Code   RO          962    .ARM.Collect$$rtentry$$00000009  c_w.l(__rtentry2.o)
    0x0800021a   0x0800021a   0x00000004   Code   RO          963    .ARM.Collect$$rtentry$$0000000A  c_w.l(__rtentry2.o)
    0x0800021e   0x0800021e   0x00000000   Code   RO          965    .ARM.Collect$$rtentry$$0000000C  c_w.l(__rtentry2.o)
    0x0800021e   0x0800021e   0x00000008   Code   RO          966    .ARM.Collect$$rtentry$$0000000D  c_w.l(__rtentry2.o)
    0x08000226   0x08000226   0x00000002   Code   RO         1134    .ARM.Collect$$rtexit$$00000000  c_w.l(rtexit.o)
    0x08000228   0x08000228   0x00000000   Code   RO         1166    .ARM.Collect$$rtexit$$00000002  c_w.l(rtexit2.o)
    0x08000228   0x08000228   0x00000004   Code   RO         1167    .ARM.Collect$$rtexit$$00000003  c_w.l(rtexit2.o)
    0x0800022c   0x0800022c   0x00000006   Code   RO         1168    .ARM.Collect$$rtexit$$00000004  c_w.l(rtexit2.o)
    0x08000232   0x08000232   0x00000002   PAD
    0x08000234   0x08000234   0x00000040   Code   RO           20    .text               startup_stm32f10x_md.o
    0x08000274   0x08000274   0x000000dc   Code   RO           24    .text               misc.o
    0x08000350   0x08000350   0x0000035c   Code   RO          251    .text               stm32f10x_gpio.o
    0x080006ac   0x080006ac   0x000003a4   Code   RO          299    .text               stm32f10x_rcc.o
    0x08000a50   0x08000a50   0x00000e1a   Code   RO          349    .text               stm32f10x_tim.o
    0x0800186a   0x0800186a   0x00000002   PAD
    0x0800186c   0x0800186c   0x00000408   Code   RO          361    .text               stm32f10x_usart.o
    0x08001c74   0x08001c74   0x0000041c   Code   RO          385    .text               main.o
    0x08002090   0x08002090   0x0000003c   Code   RO          467    .text               stm32f10x_it.o
    0x080020cc   0x080020cc   0x000001e0   Code   RO          501    .text               system_stm32f10x.o
    0x080022ac   0x080022ac   0x0000102c   Code   RO          519    .text               app.o
    0x080032d8   0x080032d8   0x0000056c   Code   RO          542    .text               ps2gamepad.o
    0x08003844   0x08003844   0x0000016c   Code   RO          558    .text               filter.o
    0x080039b0   0x080039b0   0x0000005e   Code   RO          570    .text               delay.o
    0x08003a0e   0x08003a0e   0x00000002   PAD
    0x08003a10   0x08003a10   0x00000130   Code   RO          582    .text               mymotor.o
    0x08003b40   0x08003b40   0x0000065c   Code   RO          609    .text               time.o
    0x0800419c   0x0800419c   0x00000a8a   Code   RO          626    .text               ahrs.o
    0x08004c26   0x08004c26   0x00000002   PAD
    0x08004c28   0x08004c28   0x00000e14   Code   RO          641    .text               imuserial.o
    0x08005a3c   0x08005a3c   0x00000d58   Code   RO          668    .text               imu_multi.o
    0x08006794   0x08006794   0x00000002   Code   RO          695    .text               c_w.l(use_no_semi_2.o)
    0x08006796   0x08006796   0x00000002   PAD
    0x08006798   0x08006798   0x00000034   Code   RO          697    .text               c_w.l(vsnprintf.o)
    0x080067cc   0x080067cc   0x0000003c   Code   RO          699    .text               c_w.l(__0sscanf.o)
    0x08006808   0x08006808   0x0000014c   Code   RO          701    .text               c_w.l(_scanf_int.o)
    0x08006954   0x08006954   0x000000e0   Code   RO          703    .text               c_w.l(_scanf_str.o)
    0x08006a34   0x08006a34   0x00000006   Code   RO          705    .text               c_w.l(heapauxi.o)
    0x08006a3a   0x08006a3a   0x00000002   Code   RO          807    .text               c_w.l(use_no_semi.o)
    0x08006a3c   0x08006a3c   0x00000016   Code   RO          810    .text               c_w.l(_rserrno.o)
    0x08006a52   0x08006a52   0x0000004e   Code   RO          814    .text               c_w.l(_printf_pad.o)
    0x08006aa0   0x08006aa0   0x00000024   Code   RO          816    .text               c_w.l(_printf_truncate.o)
    0x08006ac4   0x08006ac4   0x00000052   Code   RO          818    .text               c_w.l(_printf_str.o)
    0x08006b16   0x08006b16   0x00000002   PAD
    0x08006b18   0x08006b18   0x00000078   Code   RO          820    .text               c_w.l(_printf_dec.o)
    0x08006b90   0x08006b90   0x00000028   Code   RO          822    .text               c_w.l(_printf_charcount.o)
    0x08006bb8   0x08006bb8   0x00000030   Code   RO          824    .text               c_w.l(_printf_char_common.o)
    0x08006be8   0x08006be8   0x0000000a   Code   RO          826    .text               c_w.l(_sputc.o)
    0x08006bf2   0x08006bf2   0x00000010   Code   RO          828    .text               c_w.l(_snputc.o)
    0x08006c02   0x08006c02   0x00000002   PAD
    0x08006c04   0x08006c04   0x000000bc   Code   RO          830    .text               c_w.l(_printf_wctomb.o)
    0x08006cc0   0x08006cc0   0x0000007c   Code   RO          833    .text               c_w.l(_printf_longlong_dec.o)
    0x08006d3c   0x08006d3c   0x00000070   Code   RO          839    .text               c_w.l(_printf_oct_int_ll.o)
    0x08006dac   0x08006dac   0x00000094   Code   RO          859    .text               c_w.l(_printf_hex_int_ll_ptr.o)
    0x08006e40   0x08006e40   0x00000188   Code   RO          879    .text               c_w.l(__printf_flags_ss_wp.o)
    0x08006fc8   0x08006fc8   0x0000001c   Code   RO          905    .text               c_w.l(_chval.o)
    0x08006fe4   0x08006fe4   0x000004f8   Code   RO          907    .text               c_w.l(scanf_fp.o)
    0x080074dc   0x080074dc   0x0000002c   Code   RO          909    .text               c_w.l(scanf_char.o)
    0x08007508   0x08007508   0x00000040   Code   RO          911    .text               c_w.l(_sgetc.o)
    0x08007548   0x08007548   0x00000008   Code   RO          977    .text               c_w.l(rt_locale_intlibspace.o)
    0x08007550   0x08007550   0x00000008   Code   RO          982    .text               c_w.l(rt_errno_addr_intlibspace.o)
    0x08007558   0x08007558   0x0000008a   Code   RO          984    .text               c_w.l(lludiv10.o)
    0x080075e2   0x080075e2   0x00000012   Code   RO          986    .text               c_w.l(isspace.o)
    0x080075f4   0x080075f4   0x000000b2   Code   RO          988    .text               c_w.l(_printf_intcommon.o)
    0x080076a6   0x080076a6   0x0000041e   Code   RO          990    .text               c_w.l(_printf_fp_dec.o)
    0x08007ac4   0x08007ac4   0x000002fc   Code   RO          992    .text               c_w.l(_printf_fp_hex.o)
    0x08007dc0   0x08007dc0   0x0000002c   Code   RO          997    .text               c_w.l(_printf_char.o)
    0x08007dec   0x08007dec   0x0000002c   Code   RO          999    .text               c_w.l(_printf_wchar.o)
    0x08007e18   0x08007e18   0x00000374   Code   RO         1002    .text               c_w.l(_scanf.o)
    0x0800818c   0x0800818c   0x000000e4   Code   RO         1004    .text               c_w.l(bigflt0.o)
    0x08008270   0x08008270   0x00000040   Code   RO         1029    .text               c_w.l(_wcrtomb.o)
    0x080082b0   0x080082b0   0x00000008   Code   RO         1052    .text               c_w.l(libspace.o)
    0x080082b8   0x080082b8   0x0000004a   Code   RO         1055    .text               c_w.l(sys_stackheap_outer.o)
    0x08008302   0x08008302   0x00000002   PAD
    0x08008304   0x08008304   0x00000010   Code   RO         1057    .text               c_w.l(rt_ctype_table.o)
    0x08008314   0x08008314   0x00000080   Code   RO         1059    .text               c_w.l(_printf_fp_infnan.o)
    0x08008394   0x08008394   0x00000320   Code   RO         1061    .text               c_w.l(scanf_hexfp.o)
    0x080086b4   0x080086b4   0x00000134   Code   RO         1063    .text               c_w.l(scanf_infnan.o)
    0x080087e8   0x080087e8   0x00000012   Code   RO         1065    .text               c_w.l(exit.o)
    0x080087fa   0x080087fa   0x00000002   PAD
    0x080087fc   0x080087fc   0x00000080   Code   RO         1067    .text               c_w.l(strcmpv7m.o)
    0x0800887c   0x0800887c   0x00000026   Code   RO         1136    .text               c_w.l(llshl.o)
    0x080088a2   0x080088a2   0x0000003e   Code   RO         1007    CL$$btod_d2e        c_w.l(btod.o)
    0x080088e0   0x080088e0   0x00000046   Code   RO         1009    CL$$btod_d2e_denorm_low  c_w.l(btod.o)
    0x08008926   0x08008926   0x00000060   Code   RO         1008    CL$$btod_d2e_norm_op1  c_w.l(btod.o)
    0x08008986   0x08008986   0x00000338   Code   RO         1017    CL$$btod_div_common  c_w.l(btod.o)
    0x08008cbe   0x08008cbe   0x00000002   PAD
    0x08008cc0   0x08008cc0   0x00000084   Code   RO         1015    CL$$btod_e2d        c_w.l(btod.o)
    0x08008d44   0x08008d44   0x000000dc   Code   RO         1014    CL$$btod_e2e        c_w.l(btod.o)
    0x08008e20   0x08008e20   0x0000002a   Code   RO         1011    CL$$btod_ediv       c_w.l(btod.o)
    0x08008e4a   0x08008e4a   0x0000002a   Code   RO         1013    CL$$btod_edivd      c_w.l(btod.o)
    0x08008e74   0x08008e74   0x0000002a   Code   RO         1010    CL$$btod_emul       c_w.l(btod.o)
    0x08008e9e   0x08008e9e   0x0000002a   Code   RO         1012    CL$$btod_emuld      c_w.l(btod.o)
    0x08008ec8   0x08008ec8   0x00000244   Code   RO         1016    CL$$btod_mult_common  c_w.l(btod.o)
    0x0800910c   0x0800910c   0x00000028   Code   RO         1128    i.__ARM_fpclassify  m_ws.l(fpclassify.o)
    0x08009134   0x08009134   0x00000026   Code   RO          940    i.__ARM_fpclassifyf  m_ws.l(fpclassifyf.o)
    0x0800915a   0x0800915a   0x0000000e   Code   RO         1182    i.__mathlib_dbl_overflow  m_ws.l(dunder.o)
    0x08009168   0x08009168   0x00000010   Code   RO         1184    i.__mathlib_dbl_underflow  m_ws.l(dunder.o)
    0x08009178   0x08009178   0x0000000a   Code   RO          942    i.__mathlib_flt_divzero  m_ws.l(funder.o)
    0x08009182   0x08009182   0x00000006   Code   RO          943    i.__mathlib_flt_infnan  m_ws.l(funder.o)
    0x08009188   0x08009188   0x00000004   Code   RO          944    i.__mathlib_flt_infnan2  m_ws.l(funder.o)
    0x0800918c   0x0800918c   0x00000008   Code   RO          945    i.__mathlib_flt_invalid  m_ws.l(funder.o)
    0x08009194   0x08009194   0x0000000a   Code   RO          946    i.__mathlib_flt_overflow  m_ws.l(funder.o)
    0x0800919e   0x0800919e   0x0000000a   Code   RO          948    i.__mathlib_flt_underflow  m_ws.l(funder.o)
    0x080091a8   0x080091a8   0x00000010   Code   RO         1046    i.__mathlib_narrow  m_ws.l(narrow.o)
    0x080091b8   0x080091b8   0x00000168   Code   RO          956    i.__mathlib_rredf2  m_ws.l(rredf.o)
    0x08009320   0x08009320   0x000000bc   Code   RO         1047    i.__mathlib_tofloat  m_ws.l(narrow.o)
    0x080093dc   0x080093dc   0x00000016   Code   RO         1154    i.__support_ldexp   m_ws.l(ldexp.o)
    0x080093f2   0x080093f2   0x0000000e   Code   RO          872    i._is_digit         c_w.l(__printf_wp.o)
    0x08009400   0x08009400   0x00000124   Code   RO          758    i.asinf             m_ws.l(asinf.o)
    0x08009524   0x08009524   0x0000025c   Code   RO          766    i.atan2f            m_ws.l(atan2f.o)
    0x08009780   0x08009780   0x0000017c   Code   RO          774    i.cosf              m_ws.l(cosf.o)
    0x080098fc   0x080098fc   0x00000058   Code   RO         1131    i.frexp             m_ws.l(frexp.o)
    0x08009954   0x08009954   0x00000074   Code   RO         1155    i.ldexp             m_ws.l(ldexp.o)
    0x080099c8   0x080099c8   0x00000620   Code   RO          782    i.powf              m_ws.l(powf.o)
    0x08009fe8   0x08009fe8   0x00000188   Code   RO          792    i.sinf              m_ws.l(sinf.o)
    0x0800a170   0x0800a170   0x0000002c   Code   RO          800    i.sqrtf             m_ws.l(sqrtf.o)
    0x0800a19c   0x0800a19c   0x0000002c   Code   RO         1032    locale$$code        c_w.l(lc_numeric_c.o)
    0x0800a1c8   0x0800a1c8   0x0000002c   Code   RO         1139    locale$$code        c_w.l(lc_ctype_c.o)
    0x0800a1f4   0x0800a1f4   0x00000062   Code   RO         1120    x$fpl$d2f           fz_ws.l(d2f.o)
    0x0800a256   0x0800a256   0x00000002   PAD
    0x0800a258   0x0800a258   0x00000010   Code   RO         1176    x$fpl$dcheck1       fz_ws.l(dcheck1.o)
    0x0800a268   0x0800a268   0x00000018   Code   RO         1143    x$fpl$dcmpinf       fz_ws.l(dcmpi.o)
    0x0800a280   0x0800a280   0x00000078   Code   RO         1122    x$fpl$deqf          fz_ws.l(deqf.o)
    0x0800a2f8   0x0800a2f8   0x00000078   Code   RO         1145    x$fpl$dleqf         fz_ws.l(dleqf.o)
    0x0800a370   0x0800a370   0x0000009c   Code   RO          913    x$fpl$dnaninf       fz_ws.l(dnaninf.o)
    0x0800a40c   0x0800a40c   0x0000000c   Code   RO          915    x$fpl$dretinf       fz_ws.l(dretinf.o)
    0x0800a418   0x0800a418   0x0000006c   Code   RO         1124    x$fpl$drleqf        fz_ws.l(drleqf.o)
    0x0800a484   0x0800a484   0x00000056   Code   RO          721    x$fpl$f2d           fz_ws.l(f2d.o)
    0x0800a4da   0x0800a4da   0x00000002   PAD
    0x0800a4dc   0x0800a4dc   0x000000c4   Code   RO          723    x$fpl$fadd          fz_ws.l(faddsub_clz.o)
    0x0800a5a0   0x0800a5a0   0x0000000c   Code   RO         1034    x$fpl$fcheck1       fz_ws.l(fcheck1.o)
    0x0800a5ac   0x0800a5ac   0x00000018   Code   RO          917    x$fpl$fcmpinf       fz_ws.l(fcmpi.o)
    0x0800a5c4   0x0800a5c4   0x00000184   Code   RO          730    x$fpl$fdiv          fz_ws.l(fdiv.o)
    0x0800a748   0x0800a748   0x00000068   Code   RO          733    x$fpl$feqf          fz_ws.l(feqf.o)
    0x0800a7b0   0x0800a7b0   0x00000036   Code   RO          735    x$fpl$ffix          fz_ws.l(ffix.o)
    0x0800a7e6   0x0800a7e6   0x00000002   PAD
    0x0800a7e8   0x0800a7e8   0x00000052   Code   RO          736    x$fpl$ffixr         fz_ws.l(ffix.o)
    0x0800a83a   0x0800a83a   0x00000002   PAD
    0x0800a83c   0x0800a83c   0x0000003e   Code   RO          739    x$fpl$ffixu         fz_ws.l(ffixu.o)
    0x0800a87a   0x0800a87a   0x00000002   PAD
    0x0800a87c   0x0800a87c   0x00000030   Code   RO          744    x$fpl$fflt          fz_ws.l(fflt_clz.o)
    0x0800a8ac   0x0800a8ac   0x00000026   Code   RO          743    x$fpl$ffltu         fz_ws.l(fflt_clz.o)
    0x0800a8d2   0x0800a8d2   0x00000002   PAD
    0x0800a8d4   0x0800a8d4   0x00000068   Code   RO          749    x$fpl$fleqf         fz_ws.l(fleqf.o)
    0x0800a93c   0x0800a93c   0x00000102   Code   RO          751    x$fpl$fmul          fz_ws.l(fmul.o)
    0x0800aa3e   0x0800aa3e   0x0000008c   Code   RO          919    x$fpl$fnaninf       fz_ws.l(fnaninf.o)
    0x0800aaca   0x0800aaca   0x0000000a   Code   RO          921    x$fpl$fretinf       fz_ws.l(fretinf.o)
    0x0800aad4   0x0800aad4   0x00000062   Code   RO          753    x$fpl$frleqf        fz_ws.l(frleqf.o)
    0x0800ab36   0x0800ab36   0x00000002   PAD
    0x0800ab38   0x0800ab38   0x00000060   Code   RO          923    x$fpl$frnd          fz_ws.l(frnd.o)
    0x0800ab98   0x0800ab98   0x00000014   Code   RO          724    x$fpl$frsb          fz_ws.l(faddsub_clz.o)
    0x0800abac   0x0800abac   0x00000110   Code   RO          925    x$fpl$fsqrt         fz_ws.l(fsqrt.o)
    0x0800acbc   0x0800acbc   0x000000ea   Code   RO          725    x$fpl$fsub          fz_ws.l(faddsub_clz.o)
    0x0800ada6   0x0800ada6   0x00000006   Code   RO          927    x$fpl$ieeestatus    fz_ws.l(istatus.o)
    0x0800adac   0x0800adac   0x00000004   Code   RO          929    x$fpl$printf1       fz_ws.l(printf1.o)
    0x0800adb0   0x0800adb0   0x00000004   Code   RO          931    x$fpl$printf2       fz_ws.l(printf2.o)
    0x0800adb4   0x0800adb4   0x00000064   Code   RO         1126    x$fpl$retnan        fz_ws.l(retnan.o)
    0x0800ae18   0x0800ae18   0x0000005c   Code   RO         1149    x$fpl$scalbn        fz_ws.l(scalbn.o)
    0x0800ae74   0x0800ae74   0x0000004c   Code   RO          937    x$fpl$scalbnf       fz_ws.l(scalbnf.o)
    0x0800aec0   0x0800aec0   0x00000004   Code   RO          755    x$fpl$scanf1        fz_ws.l(scanf1.o)
    0x0800aec4   0x0800aec4   0x00000008   Code   RO         1040    x$fpl$scanf2        fz_ws.l(scanf2.o)
    0x0800aecc   0x0800aecc   0x00000030   Code   RO         1151    x$fpl$trapveneer    fz_ws.l(trapv.o)
    0x0800aefc   0x0800aefc   0x00000000   Code   RO          939    x$fpl$usenofp       fz_ws.l(usenofp.o)
    0x0800aefc   0x0800aefc   0x00000030   Data   RO          670    .constdata          imu_multi.o
    0x0800af2c   0x0800af2c   0x00000140   Data   RO          783    .constdata          m_ws.l(powf.o)
    0x0800b06c   0x0800b06c   0x00000008   Data   RO          831    .constdata          c_w.l(_printf_wctomb.o)
    0x0800b074   0x0800b074   0x00000028   Data   RO          860    .constdata          c_w.l(_printf_hex_int_ll_ptr.o)
    0x0800b09c   0x0800b09c   0x00000011   Data   RO          880    .constdata          c_w.l(__printf_flags_ss_wp.o)
    0x0800b0ad   0x0800b0ad   0x00000003   PAD
    0x0800b0b0   0x0800b0b0   0x00000020   Data   RO          957    .constdata          m_ws.l(rredf.o)
    0x0800b0d0   0x0800b0d0   0x00000026   Data   RO          993    .constdata          c_w.l(_printf_fp_hex.o)
    0x0800b0f6   0x0800b0f6   0x00000002   PAD
    0x0800b0f8   0x0800b0f8   0x00000094   Data   RO         1005    .constdata          c_w.l(bigflt0.o)
    0x0800b18c   0x0800b18c   0x00000020   Data   RO         1251    Region$$Table       anon$$obj.o
    0x0800b1ac   0x0800b1ac   0x00000008   Data   RO         1036    c$$dinf             fz_ws.l(fpconst.o)
    0x0800b1b4   0x0800b1b4   0x00000008   Data   RO         1039    c$$dmax             fz_ws.l(fpconst.o)
    0x0800b1bc   0x0800b1bc   0x0000001c   Data   RO         1031    locale$$data        c_w.l(lc_numeric_c.o)
    0x0800b1d8   0x0800b1d8   0x00000110   Data   RO         1138    locale$$data        c_w.l(lc_ctype_c.o)


    Execution Region RW_IRAM1 (Exec base: 0x20000000, Load base: 0x0800b2e8, Size: 0x00000a20, Max: 0x00005000, ABSOLUTE)

    Exec Addr    Load Addr    Size         Type   Attr      Idx    E Section Name        Object

    0x20000000   0x0800b2e8   0x00000014   Data   RW          300    .data               stm32f10x_rcc.o
    0x20000014   0x0800b2fc   0x00000014   Data   RW          502    .data               system_stm32f10x.o
    0x20000028   0x0800b310   0x00000054   Data   RW          521    .data               app.o
    0x2000007c   0x0800b364   0x00000026   Data   RW          544    .data               ps2gamepad.o
    0x200000a2   0x0800b38a   0x00000002   PAD
    0x200000a4   0x0800b38c   0x0000001e   Data   RW          610    .data               time.o
    0x200000c2   0x0800b3aa   0x00000002   PAD
    0x200000c4   0x0800b3ac   0x00000034   Data   RW          643    .data               imuserial.o
    0x200000f8        -       0x0000000c   Zero   RW          520    .bss                app.o
    0x20000104        -       0x0000004a   Zero   RW          543    .bss                ps2gamepad.o
    0x2000014e        -       0x00000030   Zero   RW          642    .bss                imuserial.o
    0x2000017e   0x0800b3e0   0x00000002   PAD
    0x20000180        -       0x00000240   Zero   RW          669    .bss                imu_multi.o
    0x200003c0        -       0x00000060   Zero   RW         1053    .bss                c_w.l(libspace.o)
    0x20000420        -       0x00000200   Zero   RW           18    HEAP                startup_stm32f10x_md.o
    0x20000620        -       0x00000400   Zero   RW           17    STACK               startup_stm32f10x_md.o


==============================================================================

Image component sizes


      Code (inc. data)   RO Data    RW Data    ZI Data      Debug   Object Name

      2698         36          0          0          0       4093   ahrs.o
      4140        328          0         84         12      11414   app.o
         0          0          0          0          0       4540   core_cm3.o
        94          0          0          0          0        812   delay.o
       364          0          0          0          0       2558   filter.o
      3416         66         48          0        576      11292   imu_multi.o
      3604        364          0         52         48      10581   imuserial.o
      1052        414          0          0          0       6067   main.o
       220         22          0          0          0     248473   misc.o
       304         14          0          0          0        892   mymotor.o
      1388         68          0         38         74       5279   ps2gamepad.o
        64         26        236          0       1536        792   startup_stm32f10x_md.o
       860         38          0          0          0       5677   stm32f10x_gpio.o
        60          4          0          0          0       1352   stm32f10x_it.o
       932         36          0         20          0       8832   stm32f10x_rcc.o
      3610         88          0          0          0      22784   stm32f10x_tim.o
      1032         22          0          0          0       8396   stm32f10x_usart.o
       480         38          0         20          0       1695   system_stm32f10x.o
      1628        126          0         30          0       4324   time.o

    ----------------------------------------------------------------------
     25952       1690        316        248       2248     359853   Object Totals
         0          0         32          0          0          0   (incl. Generated)
         6          0          0          4          2          0   (incl. Padding)

    ----------------------------------------------------------------------

      Code (inc. data)   RO Data    RW Data    ZI Data      Debug   Library Member Name

        60          8          0          0          0         84   __0sscanf.o
         8          0          0          0          0         68   __main.o
       392          4         17          0          0         92   __printf_flags_ss_wp.o
        14          0          0          0          0         68   __printf_wp.o
         0          0          0          0          0          0   __rtentry.o
        12          0          0          0          0          0   __rtentry2.o
         6          0          0          0          0          0   __rtentry4.o
        52          8          0          0          0          0   __scatter.o
        26          0          0          0          0          0   __scatter_copy.o
        28          0          0          0          0          0   __scatter_zi.o
        28          0          0          0          0         68   _chval.o
         6          0          0          0          0          0   _printf_a.o
         6          0          0          0          0          0   _printf_c.o
        44          0          0          0          0        108   _printf_char.o
        48          6          0          0          0         96   _printf_char_common.o
        40          0          0          0          0         68   _printf_charcount.o
         6          0          0          0          0          0   _printf_d.o
       120         16          0          0          0         92   _printf_dec.o
         6          0          0          0          0          0   _printf_e.o
         6          0          0          0          0          0   _printf_f.o
      1054          0          0          0          0        216   _printf_fp_dec.o
       764          8         38          0          0        100   _printf_fp_hex.o
       128         16          0          0          0         84   _printf_fp_infnan.o
         6          0          0          0          0          0   _printf_g.o
       148          4         40          0          0        160   _printf_hex_int_ll_ptr.o
         6          0          0          0          0          0   _printf_i.o
       178          0          0          0          0         88   _printf_intcommon.o
        10          0          0          0          0          0   _printf_l.o
         6          0          0          0          0          0   _printf_lc.o
        10          0          0          0          0          0   _printf_ll.o
         6          0          0          0          0          0   _printf_lld.o
         6          0          0          0          0          0   _printf_lli.o
         6          0          0          0          0          0   _printf_llo.o
         6          0          0          0          0          0   _printf_llu.o
         6          0          0          0          0          0   _printf_llx.o
       124         16          0          0          0         92   _printf_longlong_dec.o
         6          0          0          0          0          0   _printf_ls.o
         6          0          0          0          0          0   _printf_n.o
         6          0          0          0          0          0   _printf_o.o
       112         10          0          0          0        124   _printf_oct_int_ll.o
         6          0          0          0          0          0   _printf_p.o
        78          0          0          0          0        108   _printf_pad.o
         0          0          0          0          0          0   _printf_percent.o
         4          0          0          0          0          0   _printf_percent_end.o
         6          0          0          0          0          0   _printf_s.o
        82          0          0          0          0         80   _printf_str.o
        36          0          0          0          0         84   _printf_truncate.o
         6          0          0          0          0          0   _printf_u.o
        44          0          0          0          0        108   _printf_wchar.o
       188          6          8          0          0         92   _printf_wctomb.o
         6          0          0          0          0          0   _printf_x.o
        22          0          0          0          0        100   _rserrno.o
       884          6          0          0          0        100   _scanf.o
       332          0          0          0          0         96   _scanf_int.o
       224          0          0          0          0         96   _scanf_str.o
        64          0          0          0          0         84   _sgetc.o
        16          0          0          0          0         68   _snputc.o
        10          0          0          0          0         68   _sputc.o
        64          0          0          0          0         92   _wcrtomb.o
       228          4        148          0          0         96   bigflt0.o
      2152        136          0          0          0        960   btod.o
        18          0          0          0          0         80   exit.o
         6          0          0          0          0        152   heapauxi.o
        18          0          0          0          0         76   isspace.o
        44         10        272          0          0         76   lc_ctype_c.o
        44         10         28          0          0         76   lc_numeric_c.o
         2          0          0          0          0          0   libinit.o
        30          0          0          0          0          0   libinit2.o
         2          0          0          0          0          0   libshutdown.o
         2          0          0          0          0          0   libshutdown2.o
         8          4          0          0         96         68   libspace.o
        38          0          0          0          0         68   llshl.o
       138          0          0          0          0         80   lludiv10.o
        16          4          0          0          0         76   rt_ctype_table.o
         8          4          0          0          0         68   rt_errno_addr_intlibspace.o
         8          4          0          0          0         68   rt_locale_intlibspace.o
         2          0          0          0          0          0   rtexit.o
        10          0          0          0          0          0   rtexit2.o
        44          8          0          0          0         84   scanf_char.o
      1272         16          0          0          0        168   scanf_fp.o
       800         14          0          0          0        100   scanf_hexfp.o
       308         16          0          0          0        100   scanf_infnan.o
       128          0          0          0          0         68   strcmpv7m.o
        74          0          0          0          0         80   sys_stackheap_outer.o
         2          0          0          0          0         68   use_no_semi.o
         2          0          0          0          0         68   use_no_semi_2.o
        52          4          0          0          0         80   vsnprintf.o
        98          4          0          0          0         92   d2f.o
        16          4          0          0          0         68   dcheck1.o
        24          0          0          0          0         68   dcmpi.o
       120          4          0          0          0         92   deqf.o
       120          4          0          0          0         92   dleqf.o
       156          4          0          0          0         92   dnaninf.o
        12          0          0          0          0         68   dretinf.o
       108          0          0          0          0         80   drleqf.o
        86          4          0          0          0         84   f2d.o
       450          8          0          0          0        236   faddsub_clz.o
        12          4          0          0          0         68   fcheck1.o
        24          0          0          0          0         68   fcmpi.o
       388         76          0          0          0         96   fdiv.o
       104          4          0          0          0         84   feqf.o
       136          8          0          0          0        168   ffix.o
        62          4          0          0          0         84   ffixu.o
        86          0          0          0          0        136   fflt_clz.o
       104          4          0          0          0         84   fleqf.o
       258          4          0          0          0         84   fmul.o
       140          4          0          0          0         84   fnaninf.o
         0          0         16          0          0          0   fpconst.o
        10          0          0          0          0         68   fretinf.o
        98          0          0          0          0         68   frleqf.o
        96          4          0          0          0         76   frnd.o
       272        100          0          0          0         88   fsqrt.o
         6          0          0          0          0         68   istatus.o
         4          0          0          0          0         68   printf1.o
         4          0          0          0          0         68   printf2.o
       100          0          0          0          0         68   retnan.o
        92          0          0          0          0         68   scalbn.o
        76          0          0          0          0         68   scalbnf.o
         4          0          0          0          0         68   scanf1.o
         8          0          0          0          0         84   scanf2.o
        48          0          0          0          0         68   trapv.o
         0          0          0          0          0          0   usenofp.o
       292         38          0          0          0        120   asinf.o
       604         76          0          0          0        116   atan2f.o
       380         52          0          0          0        124   cosf.o
        30          6          0          0          0        136   dunder.o
        40          0          0          0          0         68   fpclassify.o
        38          0          0          0          0         68   fpclassifyf.o
        88          8          0          0          0         76   frexp.o
        48          0          0          0          0        408   funder.o
       138          0          0          0          0        160   ldexp.o
       204          4          0          0          0        168   narrow.o
      1568         80        320          0          0        224   powf.o
       360         16         32          0          0         88   rredf.o
       392         54          0          0          0        124   sinf.o
        44          0          0          0          0         80   sqrtf.o

    ----------------------------------------------------------------------
     18608        922        924          0         96      10360   Library Totals
        30          2          5          0          0          0   (incl. Padding)

    ----------------------------------------------------------------------

      Code (inc. data)   RO Data    RW Data    ZI Data      Debug   Library Name

     11030        342        551          0         96       5544   c_w.l
      3322        244         16          0          0       2856   fz_ws.l
      4226        334        352          0          0       1960   m_ws.l

    ----------------------------------------------------------------------
     18608        922        924          0         96      10360   Library Totals

    ----------------------------------------------------------------------

==============================================================================


      Code (inc. data)   RO Data    RW Data    ZI Data      Debug   

     44560       2612       1240        248       2344     362617   Grand Totals
     44560       2612       1240        248       2344     362617   ELF Image Totals
     44560       2612       1240        248          0          0   ROM Totals

==============================================================================

    Total RO  Size (Code + RO Data)                45800 (  44.73kB)
    Total RW  Size (RW Data + ZI Data)              2592 (   2.53kB)
    Total ROM Size (Code + RO Data + RW Data)      46048 (  44.97kB)

==============================================================================

