<html>
<body>
<pre>
<h1>µVision Build Log</h1>
<h2>Tool Versions:</h2>
IDE-Version: ¦ÌVision V5.24.2.0
Copyright (C) 2017 ARM Ltd and ARM Germany GmbH. All rights reserved.
License Information: ZZK ZZK, ZZK, LIC=14HV2-90X69-CX9U6-DQ7A9-HKEDM-0YB9W
 
Tool Versions:
Toolchain:       MDK-ARM Plus  Version: 5.24.1
Toolchain Path:  D:\Keil_v5\ARM\ARMCC\Bin
C Compiler:      Armcc.exe V5.06 update 5 (build 528)
Assembler:       Armasm.exe V5.06 update 5 (build 528)
Linker/Locator:  ArmLink.exe V5.06 update 5 (build 528)
Library Manager: ArmAr.exe V5.06 update 5 (build 528)
Hex Converter:   FromElf.exe V5.06 update 5 (build 528)
CPU DLL:         SARMCM3.DLL V5.24.1
Dialog DLL:      DCM.DLL V1.16.0.0
Target DLL:      STLink\ST-LINKIII-KEIL_SWO.dll V3.0.1.0
Dialog DLL:      TCM.DLL V1.32.0.0
 
<h2>Project:</h2>
E:\Desktop\STM32Project\SMT32ÏÂÎ»»ú\PS2_Demo.uvprojx
Project File Date:  04/22/2026

<h2>Output:</h2>
*** Using Compiler 'V5.06 update 5 (build 528)', folder: 'D:\Keil_v5\ARM\ARMCC\Bin'
Build target 'Target 1'
compiling stm32f10x_adc.c...
compiling stm32f10x_can.c...
compiling misc.c...
compiling stm32f10x_dac.c...
compiling stm32f10x_exti.c...
compiling stm32f10x_iwdg.c...
compiling stm32f10x_dma.c...
compiling stm32f10x_bkp.c...
compiling stm32f10x_flash.c...
compiling stm32f10x_cec.c...
compiling stm32f10x_dbgmcu.c...
compiling stm32f10x_crc.c...
compiling stm32f10x_i2c.c...
compiling stm32f10x_gpio.c...
compiling stm32f10x_fsmc.c...
compiling stm32f10x_pwr.c...
compiling stm32f10x_rcc.c...
compiling stm32f10x_rtc.c...
compiling stm32f10x_sdio.c...
compiling stm32f10x_spi.c...
compiling stm32f10x_wwdg.c...
compiling stm32f10x_usart.c...
compiling stm32f10x_it.c...
compiling stm32f10x_tim.c...
compiling main.c...
compiling system_stm32f10x.c...
compiling Delay.c...
compiling Filter.c...
compiling PS2GamePad.c...
compiling myMOTOR.c...
compiling App.c...
compiling solve.c...
compiling TIME.c...
compiling AHRS.c...
compiling IMUSerial.c...
Hardware\IMUSerial.c(43): warning:  #177-D: variable "g_host_encoder_query"  was declared but never referenced
  static uint8_t g_host_encoder_query = 0u;
Hardware\IMUSerial.c(46): warning:  #177-D: variable "g_host_new_mm1"  was declared but never referenced
  static float g_host_new_mm1 = 0.0f;
Hardware\IMUSerial.c(47): warning:  #177-D: variable "g_host_new_mm2"  was declared but never referenced
  static float g_host_new_mm2 = 0.0f;
Hardware\IMUSerial.c(48): warning:  #177-D: variable "g_host_new_mm3"  was declared but never referenced
  static float g_host_new_mm3 = 0.0f;
Hardware\IMUSerial.c(49): warning:  #177-D: variable "g_host_mm_request"  was declared but never referenced
  static uint8_t g_host_mm_request = 0u;
Hardware\IMUSerial.c: 5 warnings, 0 errors
compiling IMU_Multi.c...
linking...
Program Size: Code=44560 RO-data=1240 RW-data=248 ZI-data=2344  
FromELF: creating hex file...
".\Obj\PS2_Demo.axf" - 0 Error(s), 5 Warning(s).

<h2>Software Packages used:</h2>

Package Vendor: ARM
                http://www.keil.com/pack/ARM.CMSIS.5.0.1.pack
                ARM.CMSIS.5.0.1
                CMSIS (Cortex Microcontroller Software Interface Standard)
   * Component: CORE Version: 5.0.1

Package Vendor: Keil
                http://www.keil.com/pack/Keil.STM32F1xx_DFP.2.2.0.pack
                Keil.STM32F1xx_DFP.2.2.0
                STMicroelectronics STM32F1 Series Device Support, Drivers and Examples

<h2>Collection of Component include folders:</h2>
  .\RTE\_Target_1
  D:\Keil_v5\ARM\PACK\ARM\CMSIS\5.0.1\CMSIS\Include
  D:\Keil_v5\ARM\PACK\Keil\STM32F1xx_DFP\2.2.0\Device\Include

<h2>Collection of Component Files used:</h2>

   * Component: ARM::CMSIS:CORE:5.0.1
Build Time Elapsed:  00:00:08
</pre>
</body>
</html>
